Archive member included because of file (symbol)

d:/embedded systems/required/imt_sdk_win_64/imt_sdk_win_64/winavr/bin/../lib/gcc/avr/4.3.3/avr5\libgcc.a(_udivmodsi4.o)
                              ./LIB/DELAY/DELAY.o (__udivmodsi4)
d:/embedded systems/required/imt_sdk_win_64/imt_sdk_win_64/winavr/bin/../lib/gcc/avr/4.3.3/avr5\libgcc.a(_exit.o)
                              d:/embedded systems/required/imt_sdk_win_64/imt_sdk_win_64/winavr/bin/../lib/gcc/avr/4.3.3/../../../../avr/lib/avr5/crtm32.o (exit)
d:/embedded systems/required/imt_sdk_win_64/imt_sdk_win_64/winavr/bin/../lib/gcc/avr/4.3.3/avr5\libgcc.a(_copy_data.o)
                              ./HAL/ULTRASONIC/ULTRASONIC.o (__do_copy_data)
d:/embedded systems/required/imt_sdk_win_64/imt_sdk_win_64/winavr/bin/../lib/gcc/avr/4.3.3/avr5\libgcc.a(_clear_bss.o)
                              ./MCAL/TIMER/TIMER.o (__do_clear_bss)
d:/embedded systems/required/imt_sdk_win_64/imt_sdk_win_64/winavr/bin/../lib/gcc/avr/4.3.3/avr5\libgcc.a(_fixunssfsi.o)
                              ./LIB/DELAY/DELAY.o (__fixunssfsi)
d:/embedded systems/required/imt_sdk_win_64/imt_sdk_win_64/winavr/bin/../lib/gcc/avr/4.3.3/avr5\libgcc.a(_addsub_sf.o)
                              ./LIB/DELAY/DELAY.o (__subsf3)
d:/embedded systems/required/imt_sdk_win_64/imt_sdk_win_64/winavr/bin/../lib/gcc/avr/4.3.3/avr5\libgcc.a(_mul_sf.o)
                              ./LIB/DELAY/DELAY.o (__mulsf3)
d:/embedded systems/required/imt_sdk_win_64/imt_sdk_win_64/winavr/bin/../lib/gcc/avr/4.3.3/avr5\libgcc.a(_div_sf.o)
                              ./LIB/DELAY/DELAY.o (__divsf3)
d:/embedded systems/required/imt_sdk_win_64/imt_sdk_win_64/winavr/bin/../lib/gcc/avr/4.3.3/avr5\libgcc.a(_eq_sf.o)
                              ./LIB/DELAY/DELAY.o (__eqsf2)
d:/embedded systems/required/imt_sdk_win_64/imt_sdk_win_64/winavr/bin/../lib/gcc/avr/4.3.3/avr5\libgcc.a(_ne_sf.o)
                              ./HAL/LCD/LCD.o (__nesf2)
d:/embedded systems/required/imt_sdk_win_64/imt_sdk_win_64/winavr/bin/../lib/gcc/avr/4.3.3/avr5\libgcc.a(_gt_sf.o)
                              ./LIB/DELAY/DELAY.o (__gtsf2)
d:/embedded systems/required/imt_sdk_win_64/imt_sdk_win_64/winavr/bin/../lib/gcc/avr/4.3.3/avr5\libgcc.a(_ge_sf.o)
                              d:/embedded systems/required/imt_sdk_win_64/imt_sdk_win_64/winavr/bin/../lib/gcc/avr/4.3.3/avr5\libgcc.a(_fixunssfsi.o) (__gesf2)
d:/embedded systems/required/imt_sdk_win_64/imt_sdk_win_64/winavr/bin/../lib/gcc/avr/4.3.3/avr5\libgcc.a(_lt_sf.o)
                              ./HAL/ULTRASONIC/ULTRASONIC.o (__ltsf2)
d:/embedded systems/required/imt_sdk_win_64/imt_sdk_win_64/winavr/bin/../lib/gcc/avr/4.3.3/avr5\libgcc.a(_le_sf.o)
                              ./LIB/DELAY/DELAY.o (__lesf2)
d:/embedded systems/required/imt_sdk_win_64/imt_sdk_win_64/winavr/bin/../lib/gcc/avr/4.3.3/avr5\libgcc.a(_si_to_sf.o)
                              ./LIB/DELAY/DELAY.o (__floatsisf)
d:/embedded systems/required/imt_sdk_win_64/imt_sdk_win_64/winavr/bin/../lib/gcc/avr/4.3.3/avr5\libgcc.a(_sf_to_si.o)
                              ./LIB/DELAY/DELAY.o (__fixsfsi)
d:/embedded systems/required/imt_sdk_win_64/imt_sdk_win_64/winavr/bin/../lib/gcc/avr/4.3.3/avr5\libgcc.a(_thenan_sf.o)
                              d:/embedded systems/required/imt_sdk_win_64/imt_sdk_win_64/winavr/bin/../lib/gcc/avr/4.3.3/avr5\libgcc.a(_addsub_sf.o) (__thenan_sf)
d:/embedded systems/required/imt_sdk_win_64/imt_sdk_win_64/winavr/bin/../lib/gcc/avr/4.3.3/avr5\libgcc.a(_usi_to_sf.o)
                              ./LIB/DELAY/DELAY.o (__floatunsisf)
d:/embedded systems/required/imt_sdk_win_64/imt_sdk_win_64/winavr/bin/../lib/gcc/avr/4.3.3/avr5\libgcc.a(_prologue.o)
                              d:/embedded systems/required/imt_sdk_win_64/imt_sdk_win_64/winavr/bin/../lib/gcc/avr/4.3.3/avr5\libgcc.a(_addsub_sf.o) (__prologue_saves__)
d:/embedded systems/required/imt_sdk_win_64/imt_sdk_win_64/winavr/bin/../lib/gcc/avr/4.3.3/avr5\libgcc.a(_epilogue.o)
                              d:/embedded systems/required/imt_sdk_win_64/imt_sdk_win_64/winavr/bin/../lib/gcc/avr/4.3.3/avr5\libgcc.a(_addsub_sf.o) (__epilogue_restores__)
d:/embedded systems/required/imt_sdk_win_64/imt_sdk_win_64/winavr/bin/../lib/gcc/avr/4.3.3/avr5\libgcc.a(_clzsi2.o)
                              d:/embedded systems/required/imt_sdk_win_64/imt_sdk_win_64/winavr/bin/../lib/gcc/avr/4.3.3/avr5\libgcc.a(_si_to_sf.o) (__clzsi2)
d:/embedded systems/required/imt_sdk_win_64/imt_sdk_win_64/winavr/bin/../lib/gcc/avr/4.3.3/avr5\libgcc.a(_pack_sf.o)
                              d:/embedded systems/required/imt_sdk_win_64/imt_sdk_win_64/winavr/bin/../lib/gcc/avr/4.3.3/avr5\libgcc.a(_addsub_sf.o) (__pack_f)
d:/embedded systems/required/imt_sdk_win_64/imt_sdk_win_64/winavr/bin/../lib/gcc/avr/4.3.3/avr5\libgcc.a(_unpack_sf.o)
                              d:/embedded systems/required/imt_sdk_win_64/imt_sdk_win_64/winavr/bin/../lib/gcc/avr/4.3.3/avr5\libgcc.a(_addsub_sf.o) (__unpack_f)
d:/embedded systems/required/imt_sdk_win_64/imt_sdk_win_64/winavr/bin/../lib/gcc/avr/4.3.3/avr5\libgcc.a(_fpcmp_parts_sf.o)
                              d:/embedded systems/required/imt_sdk_win_64/imt_sdk_win_64/winavr/bin/../lib/gcc/avr/4.3.3/avr5\libgcc.a(_eq_sf.o) (__fpcmp_parts_f)
d:/embedded systems/required/imt_sdk_win_64/imt_sdk_win_64/winavr/bin/../lib/gcc/avr/4.3.3/avr5\libgcc.a(_clz.o)
                              d:/embedded systems/required/imt_sdk_win_64/imt_sdk_win_64/winavr/bin/../lib/gcc/avr/4.3.3/avr5\libgcc.a(_clzsi2.o) (__clz_tab)

Allocating common symbols
Common symbol       size              file

DC_motors_speed_mode
                    0x1               ./HAL/CAR/_2_WHEELS/MOVEMENT/MOVEMENT.o
mode_of_operation   0x1               ./HAL/LCD/LCD.o
delay_state         0x1               ./LIB/DELAY/DELAY.o
ultrasonic_distance
                    0x4               ./HAL/ULTRASONIC/ULTRASONIC.o

Memory Configuration

Name             Origin             Length             Attributes
text             0x00000000         0x00020000         xr
data             0x00800060         0x0000ffa0         rw !x
eeprom           0x00810000         0x00010000         rw !x
fuse             0x00820000         0x00000400         rw !x
lock             0x00830000         0x00000400         rw !x
signature        0x00840000         0x00000400         rw !x
*default*        0x00000000         0xffffffff

Linker script and memory map

LOAD d:/embedded systems/required/imt_sdk_win_64/imt_sdk_win_64/winavr/bin/../lib/gcc/avr/4.3.3/../../../../avr/lib/avr5/crtm32.o
LOAD ./MCAL/TIMER/TIMER.o
LOAD ./MCAL/INTERRUPT/EXTERNAL/EXTERNAL.o
LOAD ./MCAL/INTERRUPT/INTERRUPT.o
LOAD ./MCAL/DIO/DIO.o
LOAD ./LIB/DELAY/DELAY.o
LOAD ./HAL/ULTRASONIC/ULTRASONIC.o
LOAD ./HAL/SERVO/SERVO.o
LOAD ./HAL/LCD/LCD.o
LOAD ./HAL/H_BRIDGE/L293/H_BRIDGE.o
LOAD ./HAL/CAR/_2_WHEELS/MOVEMENT/MOVEMENT.o
LOAD ./APP/main.o
LOAD d:/embedded systems/required/imt_sdk_win_64/imt_sdk_win_64/winavr/bin/../lib/gcc/avr/4.3.3/avr5\libgcc.a
LOAD d:/embedded systems/required/imt_sdk_win_64/imt_sdk_win_64/winavr/bin/../lib/gcc/avr/4.3.3/../../../../avr/lib/avr5\libc.a
LOAD d:/embedded systems/required/imt_sdk_win_64/imt_sdk_win_64/winavr/bin/../lib/gcc/avr/4.3.3/avr5\libgcc.a

.hash
 *(.hash)

.dynsym
 *(.dynsym)

.dynstr
 *(.dynstr)

.gnu.version
 *(.gnu.version)

.gnu.version_d
 *(.gnu.version_d)

.gnu.version_r
 *(.gnu.version_r)

.rel.init
 *(.rel.init)

.rela.init
 *(.rela.init)

.rel.text
 *(.rel.text)
 *(.rel.text.*)
 *(.rel.gnu.linkonce.t*)

.rela.text
 *(.rela.text)
 *(.rela.text.*)
 *(.rela.gnu.linkonce.t*)

.rel.fini
 *(.rel.fini)

.rela.fini
 *(.rela.fini)

.rel.rodata
 *(.rel.rodata)
 *(.rel.rodata.*)
 *(.rel.gnu.linkonce.r*)

.rela.rodata
 *(.rela.rodata)
 *(.rela.rodata.*)
 *(.rela.gnu.linkonce.r*)

.rel.data
 *(.rel.data)
 *(.rel.data.*)
 *(.rel.gnu.linkonce.d*)

.rela.data
 *(.rela.data)
 *(.rela.data.*)
 *(.rela.gnu.linkonce.d*)

.rel.ctors
 *(.rel.ctors)

.rela.ctors
 *(.rela.ctors)

.rel.dtors
 *(.rel.dtors)

.rela.dtors
 *(.rela.dtors)

.rel.got
 *(.rel.got)

.rela.got
 *(.rela.got)

.rel.bss
 *(.rel.bss)

.rela.bss
 *(.rela.bss)

.rel.plt
 *(.rel.plt)

.rela.plt
 *(.rela.plt)

.text           0x00000000     0x75a2
 *(.vectors)
 .vectors       0x00000000       0x54 d:/embedded systems/required/imt_sdk_win_64/imt_sdk_win_64/winavr/bin/../lib/gcc/avr/4.3.3/../../../../avr/lib/avr5/crtm32.o
                0x00000000                __vectors
                0x00000000                __vector_default
 *(.vectors)
 *(.progmem.gcc*)
 *(.progmem*)
                0x00000054                . = ALIGN (0x2)
                0x00000054                __trampolines_start = .
 *(.trampolines)
 .trampolines   0x00000054        0x0 linker stubs
 *(.trampolines*)
                0x00000054                __trampolines_end = .
 *(.jumptables)
 *(.jumptables*)
 *(.lowtext)
 *(.lowtext*)
                0x00000054                __ctors_start = .
 *(.ctors)
                0x00000054                __ctors_end = .
                0x00000054                __dtors_start = .
 *(.dtors)
                0x00000054                __dtors_end = .
 SORT(*)(.ctors)
 SORT(*)(.dtors)
 *(.init0)
 .init0         0x00000054        0x0 d:/embedded systems/required/imt_sdk_win_64/imt_sdk_win_64/winavr/bin/../lib/gcc/avr/4.3.3/../../../../avr/lib/avr5/crtm32.o
                0x00000054                __init
 *(.init0)
 *(.init1)
 *(.init1)
 *(.init2)
 .init2         0x00000054        0xc d:/embedded systems/required/imt_sdk_win_64/imt_sdk_win_64/winavr/bin/../lib/gcc/avr/4.3.3/../../../../avr/lib/avr5/crtm32.o
 *(.init2)
 *(.init3)
 *(.init3)
 *(.init4)
 .init4         0x00000060       0x16 d:/embedded systems/required/imt_sdk_win_64/imt_sdk_win_64/winavr/bin/../lib/gcc/avr/4.3.3/avr5\libgcc.a(_copy_data.o)
                0x00000060                __do_copy_data
 .init4         0x00000076       0x10 d:/embedded systems/required/imt_sdk_win_64/imt_sdk_win_64/winavr/bin/../lib/gcc/avr/4.3.3/avr5\libgcc.a(_clear_bss.o)
                0x00000076                __do_clear_bss
 *(.init4)
 *(.init5)
 *(.init5)
 *(.init6)
 *(.init6)
 *(.init7)
 *(.init7)
 *(.init8)
 *(.init8)
 *(.init9)
 .init9         0x00000086        0x8 d:/embedded systems/required/imt_sdk_win_64/imt_sdk_win_64/winavr/bin/../lib/gcc/avr/4.3.3/../../../../avr/lib/avr5/crtm32.o
 *(.init9)
 *(.text)
 .text          0x0000008e        0x4 d:/embedded systems/required/imt_sdk_win_64/imt_sdk_win_64/winavr/bin/../lib/gcc/avr/4.3.3/../../../../avr/lib/avr5/crtm32.o
                0x0000008e                __vector_12
                0x0000008e                __bad_interrupt
                0x0000008e                __vector_13
                0x0000008e                __vector_17
                0x0000008e                __vector_19
                0x0000008e                __vector_15
                0x0000008e                __vector_14
                0x0000008e                __vector_16
                0x0000008e                __vector_18
                0x0000008e                __vector_20
 .text          0x00000092        0x0 ./MCAL/TIMER/TIMER.o
 .text          0x00000092        0x0 ./MCAL/INTERRUPT/EXTERNAL/EXTERNAL.o
 .text          0x00000092        0x0 ./MCAL/INTERRUPT/INTERRUPT.o
 .text          0x00000092        0x0 ./MCAL/DIO/DIO.o
 .text          0x00000092        0x0 ./LIB/DELAY/DELAY.o
 .text          0x00000092        0x0 ./HAL/ULTRASONIC/ULTRASONIC.o
 .text          0x00000092        0x0 ./HAL/SERVO/SERVO.o
 .text          0x00000092        0x0 ./HAL/LCD/LCD.o
 .text          0x00000092        0x0 ./HAL/H_BRIDGE/L293/H_BRIDGE.o
 .text          0x00000092        0x0 ./HAL/CAR/_2_WHEELS/MOVEMENT/MOVEMENT.o
 .text          0x00000092        0x0 ./APP/main.o
 .text          0x00000092        0x0 d:/embedded systems/required/imt_sdk_win_64/imt_sdk_win_64/winavr/bin/../lib/gcc/avr/4.3.3/avr5\libgcc.a(_udivmodsi4.o)
 .text          0x00000092        0x0 d:/embedded systems/required/imt_sdk_win_64/imt_sdk_win_64/winavr/bin/../lib/gcc/avr/4.3.3/avr5\libgcc.a(_exit.o)
 .text          0x00000092        0x0 d:/embedded systems/required/imt_sdk_win_64/imt_sdk_win_64/winavr/bin/../lib/gcc/avr/4.3.3/avr5\libgcc.a(_copy_data.o)
 .text          0x00000092        0x0 d:/embedded systems/required/imt_sdk_win_64/imt_sdk_win_64/winavr/bin/../lib/gcc/avr/4.3.3/avr5\libgcc.a(_clear_bss.o)
 .text          0x00000092       0x58 d:/embedded systems/required/imt_sdk_win_64/imt_sdk_win_64/winavr/bin/../lib/gcc/avr/4.3.3/avr5\libgcc.a(_fixunssfsi.o)
                0x00000092                __fixunssfsi
 .text          0x000000ea      0x354 d:/embedded systems/required/imt_sdk_win_64/imt_sdk_win_64/winavr/bin/../lib/gcc/avr/4.3.3/avr5\libgcc.a(_addsub_sf.o)
                0x00000382                __subsf3
                0x000003e4                __addsf3
 .text          0x0000043e      0x1f4 d:/embedded systems/required/imt_sdk_win_64/imt_sdk_win_64/winavr/bin/../lib/gcc/avr/4.3.3/avr5\libgcc.a(_mul_sf.o)
                0x0000043e                __mulsf3
 .text          0x00000632      0x158 d:/embedded systems/required/imt_sdk_win_64/imt_sdk_win_64/winavr/bin/../lib/gcc/avr/4.3.3/avr5\libgcc.a(_div_sf.o)
                0x00000632                __divsf3
 .text          0x0000078a       0x60 d:/embedded systems/required/imt_sdk_win_64/imt_sdk_win_64/winavr/bin/../lib/gcc/avr/4.3.3/avr5\libgcc.a(_eq_sf.o)
                0x0000078a                __eqsf2
 .text          0x000007ea       0x60 d:/embedded systems/required/imt_sdk_win_64/imt_sdk_win_64/winavr/bin/../lib/gcc/avr/4.3.3/avr5\libgcc.a(_ne_sf.o)
                0x000007ea                __nesf2
 .text          0x0000084a       0x60 d:/embedded systems/required/imt_sdk_win_64/imt_sdk_win_64/winavr/bin/../lib/gcc/avr/4.3.3/avr5\libgcc.a(_gt_sf.o)
                0x0000084a                __gtsf2
 .text          0x000008aa       0x60 d:/embedded systems/required/imt_sdk_win_64/imt_sdk_win_64/winavr/bin/../lib/gcc/avr/4.3.3/avr5\libgcc.a(_ge_sf.o)
                0x000008aa                __gesf2
 .text          0x0000090a       0x60 d:/embedded systems/required/imt_sdk_win_64/imt_sdk_win_64/winavr/bin/../lib/gcc/avr/4.3.3/avr5\libgcc.a(_lt_sf.o)
                0x0000090a                __ltsf2
 .text          0x0000096a       0x60 d:/embedded systems/required/imt_sdk_win_64/imt_sdk_win_64/winavr/bin/../lib/gcc/avr/4.3.3/avr5\libgcc.a(_le_sf.o)
                0x0000096a                __lesf2
 .text          0x000009ca       0xbc d:/embedded systems/required/imt_sdk_win_64/imt_sdk_win_64/winavr/bin/../lib/gcc/avr/4.3.3/avr5\libgcc.a(_si_to_sf.o)
                0x000009ca                __floatsisf
 .text          0x00000a86       0xa8 d:/embedded systems/required/imt_sdk_win_64/imt_sdk_win_64/winavr/bin/../lib/gcc/avr/4.3.3/avr5\libgcc.a(_sf_to_si.o)
                0x00000a86                __fixsfsi
 .text          0x00000b2e        0x0 d:/embedded systems/required/imt_sdk_win_64/imt_sdk_win_64/winavr/bin/../lib/gcc/avr/4.3.3/avr5\libgcc.a(_thenan_sf.o)
 .text          0x00000b2e       0xf2 d:/embedded systems/required/imt_sdk_win_64/imt_sdk_win_64/winavr/bin/../lib/gcc/avr/4.3.3/avr5\libgcc.a(_usi_to_sf.o)
                0x00000b2e                __floatunsisf
 .text          0x00000c20        0x0 d:/embedded systems/required/imt_sdk_win_64/imt_sdk_win_64/winavr/bin/../lib/gcc/avr/4.3.3/avr5\libgcc.a(_prologue.o)
 .text          0x00000c20        0x0 d:/embedded systems/required/imt_sdk_win_64/imt_sdk_win_64/winavr/bin/../lib/gcc/avr/4.3.3/avr5\libgcc.a(_epilogue.o)
 .text          0x00000c20       0x9e d:/embedded systems/required/imt_sdk_win_64/imt_sdk_win_64/winavr/bin/../lib/gcc/avr/4.3.3/avr5\libgcc.a(_clzsi2.o)
                0x00000c20                __clzsi2
 .text          0x00000cbe      0x1aa d:/embedded systems/required/imt_sdk_win_64/imt_sdk_win_64/winavr/bin/../lib/gcc/avr/4.3.3/avr5\libgcc.a(_pack_sf.o)
                0x00000cbe                __pack_f
 .text          0x00000e68       0xf0 d:/embedded systems/required/imt_sdk_win_64/imt_sdk_win_64/winavr/bin/../lib/gcc/avr/4.3.3/avr5\libgcc.a(_unpack_sf.o)
                0x00000e68                __unpack_f
 .text          0x00000f58       0xb2 d:/embedded systems/required/imt_sdk_win_64/imt_sdk_win_64/winavr/bin/../lib/gcc/avr/4.3.3/avr5\libgcc.a(_fpcmp_parts_sf.o)
                0x00000f58                __fpcmp_parts_f
 .text          0x0000100a        0x0 d:/embedded systems/required/imt_sdk_win_64/imt_sdk_win_64/winavr/bin/../lib/gcc/avr/4.3.3/avr5\libgcc.a(_clz.o)
                0x0000100a                . = ALIGN (0x2)
 *(.text.*)
 .text.TIMER_Timer0_Init
                0x0000100a      0x2ae ./MCAL/TIMER/TIMER.o
                0x0000100a                TIMER_Timer0_Init
 .text.TIMER_Timer0_TCNT0_Set
                0x000012b8       0x1c ./MCAL/TIMER/TIMER.o
                0x000012b8                TIMER_Timer0_TCNT0_Set
 .text.TIMER_Timer0_OCR0_Set
                0x000012d4       0x1c ./MCAL/TIMER/TIMER.o
                0x000012d4                TIMER_Timer0_OCR0_Set
 .text.TIMER_Timer0_OC0_Init
                0x000012f0       0xd8 ./MCAL/TIMER/TIMER.o
                0x000012f0                TIMER_Timer0_OC0_Init
 .text.TIMER_Timer0_OV_EnableInterrupt
                0x000013c8       0x1c ./MCAL/TIMER/TIMER.o
                0x000013c8                TIMER_Timer0_OV_EnableInterrupt
 .text.TIMER_Timer0_OV_DisableInterrupt
                0x000013e4       0x1c ./MCAL/TIMER/TIMER.o
                0x000013e4                TIMER_Timer0_OV_DisableInterrupt
 .text.TIMER_Timer0_OC_EnableInterrupt
                0x00001400       0x1c ./MCAL/TIMER/TIMER.o
                0x00001400                TIMER_Timer0_OC_EnableInterrupt
 .text.TIMER_Timer0_OC_DisableInterrupt
                0x0000141c       0x1c ./MCAL/TIMER/TIMER.o
                0x0000141c                TIMER_Timer0_OC_DisableInterrupt
 .text.TIMER_Timer0_OV_SetCallBack
                0x00001438       0x24 ./MCAL/TIMER/TIMER.o
                0x00001438                TIMER_Timer0_OV_SetCallBack
 .text.TIMER_Timer0_OC_SetCallBack
                0x0000145c       0x24 ./MCAL/TIMER/TIMER.o
                0x0000145c                TIMER_Timer0_OC_SetCallBack
 .text.TIMER_Timer0_OV_Polling_Wait
                0x00001480       0x26 ./MCAL/TIMER/TIMER.o
                0x00001480                TIMER_Timer0_OV_Polling_Wait
 .text.TIMER_Timer0_OC_Polling_Wait
                0x000014a6       0x28 ./MCAL/TIMER/TIMER.o
                0x000014a6                TIMER_Timer0_OC_Polling_Wait
 .text.TIMER_Timer0_Stop
                0x000014ce       0x38 ./MCAL/TIMER/TIMER.o
                0x000014ce                TIMER_Timer0_Stop
 .text.__vector_10
                0x00001506       0x66 ./MCAL/TIMER/TIMER.o
                0x00001506                __vector_10
 .text.__vector_11
                0x0000156c       0x66 ./MCAL/TIMER/TIMER.o
                0x0000156c                __vector_11
 .text.TIMER_Timer1_Init
                0x000015d2      0x628 ./MCAL/TIMER/TIMER.o
                0x000015d2                TIMER_Timer1_Init
 .text.TIMER_Timer1_TCNT1_Set
                0x00001bfa       0x2e ./MCAL/TIMER/TIMER.o
                0x00001bfa                TIMER_Timer1_TCNT1_Set
 .text.TIMER_Timer1_OCR1A_Set
                0x00001c28       0x2e ./MCAL/TIMER/TIMER.o
                0x00001c28                TIMER_Timer1_OCR1A_Set
 .text.TIMER_Timer1_OCR1B_Set
                0x00001c56       0x2e ./MCAL/TIMER/TIMER.o
                0x00001c56                TIMER_Timer1_OCR1B_Set
 .text.TIMER_Timer1_ICR1_Set
                0x00001c84       0x2e ./MCAL/TIMER/TIMER.o
                0x00001c84                TIMER_Timer1_ICR1_Set
 .text.TIMER_Timer1_OC1A_Init
                0x00001cb2       0xd8 ./MCAL/TIMER/TIMER.o
                0x00001cb2                TIMER_Timer1_OC1A_Init
 .text.TIMER_Timer1_OC1B_Init
                0x00001d8a       0xd8 ./MCAL/TIMER/TIMER.o
                0x00001d8a                TIMER_Timer1_OC1B_Init
 .text.TIMER_Timer1_OV_EnableInterrupt
                0x00001e62       0x1c ./MCAL/TIMER/TIMER.o
                0x00001e62                TIMER_Timer1_OV_EnableInterrupt
 .text.TIMER_Timer1_OV_DisableInterrupt
                0x00001e7e       0x1c ./MCAL/TIMER/TIMER.o
                0x00001e7e                TIMER_Timer1_OV_DisableInterrupt
 .text.TIMER_Timer1_OCA_EnableInterrupt
                0x00001e9a       0x1c ./MCAL/TIMER/TIMER.o
                0x00001e9a                TIMER_Timer1_OCA_EnableInterrupt
 .text.TIMER_Timer1_OCA_DisableInterrupt
                0x00001eb6       0x1c ./MCAL/TIMER/TIMER.o
                0x00001eb6                TIMER_Timer1_OCA_DisableInterrupt
 .text.TIMER_Timer1_OCB_EnableInterrupt
                0x00001ed2       0x1c ./MCAL/TIMER/TIMER.o
                0x00001ed2                TIMER_Timer1_OCB_EnableInterrupt
 .text.TIMER_Timer1_OCB_DisableInterrupt
                0x00001eee       0x1c ./MCAL/TIMER/TIMER.o
                0x00001eee                TIMER_Timer1_OCB_DisableInterrupt
 .text.TIMER_Timer1_IC_EnableInterrupt
                0x00001f0a       0x1c ./MCAL/TIMER/TIMER.o
                0x00001f0a                TIMER_Timer1_IC_EnableInterrupt
 .text.TIMER_Timer1_IC_DisableInterrupt
                0x00001f26       0x1c ./MCAL/TIMER/TIMER.o
                0x00001f26                TIMER_Timer1_IC_DisableInterrupt
 .text.TIMER_Timer1_OV_SetCallBack
                0x00001f42       0x24 ./MCAL/TIMER/TIMER.o
                0x00001f42                TIMER_Timer1_OV_SetCallBack
 .text.TIMER_Timer1_OCA_SetCallBack
                0x00001f66       0x24 ./MCAL/TIMER/TIMER.o
                0x00001f66                TIMER_Timer1_OCA_SetCallBack
 .text.TIMER_Timer1_OCB_SetCallBack
                0x00001f8a       0x24 ./MCAL/TIMER/TIMER.o
                0x00001f8a                TIMER_Timer1_OCB_SetCallBack
 .text.TIMER_Timer1_IC_SetCallBack
                0x00001fae       0x24 ./MCAL/TIMER/TIMER.o
                0x00001fae                TIMER_Timer1_IC_SetCallBack
 .text.TIMER_Timer1_OV_Polling_Wait
                0x00001fd2       0x2a ./MCAL/TIMER/TIMER.o
                0x00001fd2                TIMER_Timer1_OV_Polling_Wait
 .text.TIMER_Timer1_OCA_Polling_Wait
                0x00001ffc       0x2a ./MCAL/TIMER/TIMER.o
                0x00001ffc                TIMER_Timer1_OCA_Polling_Wait
 .text.TIMER_Timer1_OCB_Polling_Wait
                0x00002026       0x2c ./MCAL/TIMER/TIMER.o
                0x00002026                TIMER_Timer1_OCB_Polling_Wait
 .text.TIMER_Timer1_IC_Polling_Wait
                0x00002052       0x2c ./MCAL/TIMER/TIMER.o
                0x00002052                TIMER_Timer1_IC_Polling_Wait
 .text.TIMER_Timer1_Stop
                0x0000207e       0x38 ./MCAL/TIMER/TIMER.o
                0x0000207e                TIMER_Timer1_Stop
 .text.__vector_6
                0x000020b6       0x66 ./MCAL/TIMER/TIMER.o
                0x000020b6                __vector_6
 .text.__vector_7
                0x0000211c       0x66 ./MCAL/TIMER/TIMER.o
                0x0000211c                __vector_7
 .text.__vector_8
                0x00002182       0x66 ./MCAL/TIMER/TIMER.o
                0x00002182                __vector_8
 .text.__vector_9
                0x000021e8       0x66 ./MCAL/TIMER/TIMER.o
                0x000021e8                __vector_9
 .text.TIMER_Timer2_Init
                0x0000224e      0x2ae ./MCAL/TIMER/TIMER.o
                0x0000224e                TIMER_Timer2_Init
 .text.TIMER_Timer2_TCNT2_Set
                0x000024fc       0x1c ./MCAL/TIMER/TIMER.o
                0x000024fc                TIMER_Timer2_TCNT2_Set
 .text.TIMER_Timer2_OCR2_Set
                0x00002518       0x1c ./MCAL/TIMER/TIMER.o
                0x00002518                TIMER_Timer2_OCR2_Set
 .text.TIMER_Timer2_OC2_Init
                0x00002534       0xd8 ./MCAL/TIMER/TIMER.o
                0x00002534                TIMER_Timer2_OC2_Init
 .text.TIMER_Timer2_OV_EnableInterrupt
                0x0000260c       0x1c ./MCAL/TIMER/TIMER.o
                0x0000260c                TIMER_Timer2_OV_EnableInterrupt
 .text.TIMER_Timer2_OV_DisableInterrupt
                0x00002628       0x1c ./MCAL/TIMER/TIMER.o
                0x00002628                TIMER_Timer2_OV_DisableInterrupt
 .text.TIMER_Timer2_OC_EnableInterrupt
                0x00002644       0x1c ./MCAL/TIMER/TIMER.o
                0x00002644                TIMER_Timer2_OC_EnableInterrupt
 .text.TIMER_Timer2_OC_DisableInterrupt
                0x00002660       0x1c ./MCAL/TIMER/TIMER.o
                0x00002660                TIMER_Timer2_OC_DisableInterrupt
 .text.TIMER_Timer2_OV_SetCallBack
                0x0000267c       0x24 ./MCAL/TIMER/TIMER.o
                0x0000267c                TIMER_Timer2_OV_SetCallBack
 .text.TIMER_Timer2_OC_SetCallBack
                0x000026a0       0x24 ./MCAL/TIMER/TIMER.o
                0x000026a0                TIMER_Timer2_OC_SetCallBack
 .text.TIMER_Timer2_OV_Polling_Wait
                0x000026c4       0x2e ./MCAL/TIMER/TIMER.o
                0x000026c4                TIMER_Timer2_OV_Polling_Wait
 .text.TIMER_Timer2_OC_Polling_Wait
                0x000026f2       0x1e ./MCAL/TIMER/TIMER.o
                0x000026f2                TIMER_Timer2_OC_Polling_Wait
 .text.TIMER_Timer2_Stop
                0x00002710       0x38 ./MCAL/TIMER/TIMER.o
                0x00002710                TIMER_Timer2_Stop
 .text.__vector_4
                0x00002748       0x66 ./MCAL/TIMER/TIMER.o
                0x00002748                __vector_4
 .text.__vector_5
                0x000027ae       0x66 ./MCAL/TIMER/TIMER.o
                0x000027ae                __vector_5
 .text.TIMER_TIFR_ClearFlag
                0x00002814       0x3a ./MCAL/TIMER/TIMER.o
                0x00002814                TIMER_TIFR_ClearFlag
 .text.INTERRUPT_EXTERNAL_INT0_EnableInterrupt
                0x0000284e       0x1c ./MCAL/INTERRUPT/EXTERNAL/EXTERNAL.o
                0x0000284e                INTERRUPT_EXTERNAL_INT0_EnableInterrupt
 .text.INTERRUPT_EXTERNAL_INT0_DisableInterrupt
                0x0000286a       0x1c ./MCAL/INTERRUPT/EXTERNAL/EXTERNAL.o
                0x0000286a                INTERRUPT_EXTERNAL_INT0_DisableInterrupt
 .text.INTERRUPT_EXTERNAL_INT1_EnableInterrupt
                0x00002886       0x1c ./MCAL/INTERRUPT/EXTERNAL/EXTERNAL.o
                0x00002886                INTERRUPT_EXTERNAL_INT1_EnableInterrupt
 .text.INTERRUPT_EXTERNAL_INT1_DisableInterrupt
                0x000028a2       0x1c ./MCAL/INTERRUPT/EXTERNAL/EXTERNAL.o
                0x000028a2                INTERRUPT_EXTERNAL_INT1_DisableInterrupt
 .text.INTERRUPT_EXTERNAL_INT2_EnableInterrupt
                0x000028be       0x1c ./MCAL/INTERRUPT/EXTERNAL/EXTERNAL.o
                0x000028be                INTERRUPT_EXTERNAL_INT2_EnableInterrupt
 .text.INTERRUPT_EXTERNAL_INT2_DisableInterrupt
                0x000028da       0x1c ./MCAL/INTERRUPT/EXTERNAL/EXTERNAL.o
                0x000028da                INTERRUPT_EXTERNAL_INT2_DisableInterrupt
 .text.INTERRUPT_EXTERNAL_INT0_ControlSense
                0x000028f6       0xce ./MCAL/INTERRUPT/EXTERNAL/EXTERNAL.o
                0x000028f6                INTERRUPT_EXTERNAL_INT0_ControlSense
 .text.INTERRUPT_EXTERNAL_INT1_ControlSense
                0x000029c4       0xce ./MCAL/INTERRUPT/EXTERNAL/EXTERNAL.o
                0x000029c4                INTERRUPT_EXTERNAL_INT1_ControlSense
 .text.INTERRUPT_EXTERNAL_INT2_ControlSense
                0x00002a92       0x56 ./MCAL/INTERRUPT/EXTERNAL/EXTERNAL.o
                0x00002a92                INTERRUPT_EXTERNAL_INT2_ControlSense
 .text.INTERRUPT_EXTERNAL_INT0_SetCallBack
                0x00002ae8       0x24 ./MCAL/INTERRUPT/EXTERNAL/EXTERNAL.o
                0x00002ae8                INTERRUPT_EXTERNAL_INT0_SetCallBack
 .text.INTERRUPT_EXTERNAL_INT1_SetCallBack
                0x00002b0c       0x24 ./MCAL/INTERRUPT/EXTERNAL/EXTERNAL.o
                0x00002b0c                INTERRUPT_EXTERNAL_INT1_SetCallBack
 .text.INTERRUPT_EXTERNAL_INT2_SetCallBack
                0x00002b30       0x24 ./MCAL/INTERRUPT/EXTERNAL/EXTERNAL.o
                0x00002b30                INTERRUPT_EXTERNAL_INT2_SetCallBack
 .text.__vector_1
                0x00002b54       0x6e ./MCAL/INTERRUPT/EXTERNAL/EXTERNAL.o
                0x00002b54                __vector_1
 .text.__vector_2
                0x00002bc2       0x66 ./MCAL/INTERRUPT/EXTERNAL/EXTERNAL.o
                0x00002bc2                __vector_2
 .text.__vector_3
                0x00002c28       0x66 ./MCAL/INTERRUPT/EXTERNAL/EXTERNAL.o
                0x00002c28                __vector_3
 .text.INTERRUPT_EnableGlobalInterrupt
                0x00002c8e       0x1c ./MCAL/INTERRUPT/INTERRUPT.o
                0x00002c8e                INTERRUPT_EnableGlobalInterrupt
 .text.INTERRUPT_DisableGlobalInterrupt
                0x00002caa       0x1c ./MCAL/INTERRUPT/INTERRUPT.o
                0x00002caa                INTERRUPT_DisableGlobalInterrupt
 .text.DIO_SetPortDirection
                0x00002cc6       0x82 ./MCAL/DIO/DIO.o
                0x00002cc6                DIO_SetPortDirection
 .text.DIO_SetPortValue
                0x00002d48       0x82 ./MCAL/DIO/DIO.o
                0x00002d48                DIO_SetPortValue
 .text.DIO_TogglePort
                0x00002dca       0x96 ./MCAL/DIO/DIO.o
                0x00002dca                DIO_TogglePort
 .text.DIO_GetPortValue
                0x00002e60       0x82 ./MCAL/DIO/DIO.o
                0x00002e60                DIO_GetPortValue
 .text.DIO_SetPinDirection
                0x00002ee2      0x210 ./MCAL/DIO/DIO.o
                0x00002ee2                DIO_SetPinDirection
 .text.DIO_SetPinValue
                0x000030f2      0x2fa ./MCAL/DIO/DIO.o
                0x000030f2                DIO_SetPinValue
 .text.DIO_GetPinValue
                0x000033ec       0xf2 ./MCAL/DIO/DIO.o
                0x000033ec                DIO_GetPinValue
 .text.DIO_EnablePinPullup
                0x000034de       0xfa ./MCAL/DIO/DIO.o
                0x000034de                DIO_EnablePinPullup
 .text.DELAY_Timer0_us
                0x000035d8      0x1a6 ./LIB/DELAY/DELAY.o
                0x000035d8                DELAY_Timer0_us
 .text.DELAY_Timer0_ms
                0x0000377e      0x27e ./LIB/DELAY/DELAY.o
                0x0000377e                DELAY_Timer0_ms
 .text.DELAY_Timer0_s
                0x000039fc       0x42 ./LIB/DELAY/DELAY.o
                0x000039fc                DELAY_Timer0_s
 .text.DELAY_Timer1_us
                0x00003a3e      0x254 ./LIB/DELAY/DELAY.o
                0x00003a3e                DELAY_Timer1_us
 .text.DELAY_Timer1_ms
                0x00003c92       0x4e ./LIB/DELAY/DELAY.o
                0x00003c92                DELAY_Timer1_ms
 .text.DELAY_Timer1_s
                0x00003ce0       0x4e ./LIB/DELAY/DELAY.o
                0x00003ce0                DELAY_Timer1_s
 .text.DELAY_Timer2_us
                0x00003d2e      0x206 ./LIB/DELAY/DELAY.o
                0x00003d2e                DELAY_Timer2_us
 .text.DELAY_Timer2_ms
                0x00003f34      0x2fe ./LIB/DELAY/DELAY.o
                0x00003f34                DELAY_Timer2_ms
 .text.DELAY_Timer2_s
                0x00004232       0x42 ./LIB/DELAY/DELAY.o
                0x00004232                DELAY_Timer2_s
 .text.ULTRASONIC_Init
                0x00004274       0x44 ./HAL/ULTRASONIC/ULTRASONIC.o
                0x00004274                ULTRASONIC_Init
 .text.ULTRASONIC_TRIG_Send
                0x000042b8      0x2b6 ./HAL/ULTRASONIC/ULTRASONIC.o
                0x000042b8                ULTRASONIC_TRIG_Send
 .text.ULTRASONIC_ECHO_InterruptHandler
                0x0000456e       0xb4 ./HAL/ULTRASONIC/ULTRASONIC.o
                0x0000456e                ULTRASONIC_ECHO_InterruptHandler
 .text.ULTRASONIC_Timer_OverflowHandler
                0x00004622       0x66 ./HAL/ULTRASONIC/ULTRASONIC.o
                0x00004622                ULTRASONIC_Timer_OverflowHandler
 .text.ULTRASONIC_GetDistance_cm_
                0x00004688       0x2a ./HAL/ULTRASONIC/ULTRASONIC.o
                0x00004688                ULTRASONIC_GetDistance_cm_
 .text.SERVO_Init
                0x000046b2       0x44 ./HAL/SERVO/SERVO.o
                0x000046b2                SERVO_Init
 .text.SERVO_Center
                0x000046f6      0x206 ./HAL/SERVO/SERVO.o
                0x000046f6                SERVO_Center
 .text.SERVO_90_CCW
                0x000048fc      0x206 ./HAL/SERVO/SERVO.o
                0x000048fc                SERVO_90_CCW
 .text.SERVO_90_CW
                0x00004b02      0x206 ./HAL/SERVO/SERVO.o
                0x00004b02                SERVO_90_CW
 .text.SERVO_High
                0x00004d08       0x18 ./HAL/SERVO/SERVO.o
                0x00004d08                SERVO_High
 .text.SERVO_Low
                0x00004d20       0x18 ./HAL/SERVO/SERVO.o
                0x00004d20                SERVO_Low
 .text.LCD_Init
                0x00004d38      0x1a4 ./HAL/LCD/LCD.o
                0x00004d38                LCD_Init
 .text.LCD_SendInstruction
                0x00004edc      0x382 ./HAL/LCD/LCD.o
                0x00004edc                LCD_SendInstruction
 .text.LCD_SendChar
                0x0000525e      0x114 ./HAL/LCD/LCD.o
                0x0000525e                LCD_SendChar
 .text.LCD_SendString
                0x00005372       0x52 ./HAL/LCD/LCD.o
                0x00005372                LCD_SendString
 .text.LCD_SendNumber
                0x000053c4      0x298 ./HAL/LCD/LCD.o
                0x000053c4                LCD_SendNumber
 .text.LCD_GoToPosition
                0x0000565c       0x4c ./HAL/LCD/LCD.o
                0x0000565c                LCD_GoToPosition
 .text.LCD_Clear
                0x000056a8       0x14 ./HAL/LCD/LCD.o
                0x000056a8                LCD_Clear
 .text.LCD_ReturnHome
                0x000056bc      0x1a8 ./HAL/LCD/LCD.o
                0x000056bc                LCD_ReturnHome
 .text.LCD_EntryModeSet
                0x00005864      0x1c2 ./HAL/LCD/LCD.o
                0x00005864                LCD_EntryModeSet
 .text.LCD_DisplayControl
                0x00005a26      0x1da ./HAL/LCD/LCD.o
                0x00005a26                LCD_DisplayControl
 .text.LCD_CursorOrDisplayShift
                0x00005c00      0x1d8 ./HAL/LCD/LCD.o
                0x00005c00                LCD_CursorOrDisplayShift
 .text.LCD_FunctionSet
                0x00005dd8      0x1f2 ./HAL/LCD/LCD.o
                0x00005dd8                LCD_FunctionSet
 .text.LCD_SetCGRAMAddress
                0x00005fca      0x1b2 ./HAL/LCD/LCD.o
                0x00005fca                LCD_SetCGRAMAddress
 .text.LCD_SetDDRAMAddress
                0x0000617c      0x1b2 ./HAL/LCD/LCD.o
                0x0000617c                LCD_SetDDRAMAddress
 .text.LCD_EnablePulse
                0x0000632e      0x114 ./HAL/LCD/LCD.o
                0x0000632e                LCD_EnablePulse
 .text.LCD_DisablePulse
                0x00006442      0x114 ./HAL/LCD/LCD.o
                0x00006442                LCD_DisablePulse
 .text.H_BRIDGE_L293_Motor_Init
                0x00006556       0x3c ./HAL/H_BRIDGE/L293/H_BRIDGE.o
                0x00006556                H_BRIDGE_L293_Motor_Init
 .text.H_BRIDGE_L293_Motor_CW
                0x00006592       0x3c ./HAL/H_BRIDGE/L293/H_BRIDGE.o
                0x00006592                H_BRIDGE_L293_Motor_CW
 .text.H_BRIDGE_L293_Motor_CCW
                0x000065ce       0x3c ./HAL/H_BRIDGE/L293/H_BRIDGE.o
                0x000065ce                H_BRIDGE_L293_Motor_CCW
 .text.H_BRIDGE_L293_Motor_FastStop
                0x0000660a       0x3c ./HAL/H_BRIDGE/L293/H_BRIDGE.o
                0x0000660a                H_BRIDGE_L293_Motor_FastStop
 .text.H_BRIDGE_L293_Motor_FreeStop
                0x00006646       0x1e ./HAL/H_BRIDGE/L293/H_BRIDGE.o
                0x00006646                H_BRIDGE_L293_Motor_FreeStop
 .text.CAR_MOVEMENT_Motors_Init
                0x00006664       0x2e ./HAL/CAR/_2_WHEELS/MOVEMENT/MOVEMENT.o
                0x00006664                CAR_MOVEMENT_Motors_Init
 .text.CAR_MOVEMENT_Low
                0x00006692       0x22 ./HAL/CAR/_2_WHEELS/MOVEMENT/MOVEMENT.o
                0x00006692                CAR_MOVEMENT_Low
 .text.CAR_MOVEMENT_Motor1_Low
                0x000066b4       0x18 ./HAL/CAR/_2_WHEELS/MOVEMENT/MOVEMENT.o
                0x000066b4                CAR_MOVEMENT_Motor1_Low
 .text.CAR_MOVEMENT_Motor2_Low
                0x000066cc       0x18 ./HAL/CAR/_2_WHEELS/MOVEMENT/MOVEMENT.o
                0x000066cc                CAR_MOVEMENT_Motor2_Low
 .text.CAR_MOVEMENT_Stop
                0x000066e4       0x32 ./HAL/CAR/_2_WHEELS/MOVEMENT/MOVEMENT.o
                0x000066e4                CAR_MOVEMENT_Stop
 .text.CAR_MOVEMENT_SameSpeed_SetSpeedPercentage
                0x00006716       0x7c ./HAL/CAR/_2_WHEELS/MOVEMENT/MOVEMENT.o
                0x00006716                CAR_MOVEMENT_SameSpeed_SetSpeedPercentage
 .text.CAR_MOVEMENT_SameSpeed_SetDefaultSpeedPercentage
                0x00006792       0x36 ./HAL/CAR/_2_WHEELS/MOVEMENT/MOVEMENT.o
                0x00006792                CAR_MOVEMENT_SameSpeed_SetDefaultSpeedPercentage
 .text.CAR_MOVEMENT_SameSpeed_SetDirection_SetSpeedPercentage
                0x000067c8       0xc4 ./HAL/CAR/_2_WHEELS/MOVEMENT/MOVEMENT.o
                0x000067c8                CAR_MOVEMENT_SameSpeed_SetDirection_SetSpeedPercentage
 .text.CAR_MOVEMENT_DifferentSpeeds_SetSpeedPercentages
                0x0000688c       0xde ./HAL/CAR/_2_WHEELS/MOVEMENT/MOVEMENT.o
                0x0000688c                CAR_MOVEMENT_DifferentSpeeds_SetSpeedPercentages
 .text.CAR_MOVEMENT_DifferentSpeeds_SetDefaultSpeedPercentages
                0x0000696a       0x5e ./HAL/CAR/_2_WHEELS/MOVEMENT/MOVEMENT.o
                0x0000696a                CAR_MOVEMENT_DifferentSpeeds_SetDefaultSpeedPercentages
 .text.CAR_MOVEMENT_DifferentSpeeds_SetDirection_SetSpeedPercentages
                0x000069c8      0x11c ./HAL/CAR/_2_WHEELS/MOVEMENT/MOVEMENT.o
                0x000069c8                CAR_MOVEMENT_DifferentSpeeds_SetDirection_SetSpeedPercentages
 .text.CAR_MOVEMENT_Forward
                0x00006ae4       0xce ./HAL/CAR/_2_WHEELS/MOVEMENT/MOVEMENT.o
                0x00006ae4                CAR_MOVEMENT_Forward
 .text.CAR_MOVEMENT_Backward
                0x00006bb2       0xce ./HAL/CAR/_2_WHEELS/MOVEMENT/MOVEMENT.o
                0x00006bb2                CAR_MOVEMENT_Backward
 .text.CAR_MOVEMENT_Right
                0x00006c80       0xce ./HAL/CAR/_2_WHEELS/MOVEMENT/MOVEMENT.o
                0x00006c80                CAR_MOVEMENT_Right
 .text.CAR_MOVEMENT_Left
                0x00006d4e       0xce ./HAL/CAR/_2_WHEELS/MOVEMENT/MOVEMENT.o
                0x00006d4e                CAR_MOVEMENT_Left
 .text.CAR_MOVEMENT_Forward_FullSpeed
                0x00006e1c       0x22 ./HAL/CAR/_2_WHEELS/MOVEMENT/MOVEMENT.o
                0x00006e1c                CAR_MOVEMENT_Forward_FullSpeed
 .text.CAR_MOVEMENT_Backward_FullSpeed
                0x00006e3e       0x22 ./HAL/CAR/_2_WHEELS/MOVEMENT/MOVEMENT.o
                0x00006e3e                CAR_MOVEMENT_Backward_FullSpeed
 .text.CAR_MOVEMENT_Right_FullSpeed
                0x00006e60       0x22 ./HAL/CAR/_2_WHEELS/MOVEMENT/MOVEMENT.o
                0x00006e60                CAR_MOVEMENT_Right_FullSpeed
 .text.CAR_MOVEMENT_Left_FullSpeed
                0x00006e82       0x22 ./HAL/CAR/_2_WHEELS/MOVEMENT/MOVEMENT.o
                0x00006e82                CAR_MOVEMENT_Left_FullSpeed
 .text.CAR_MOVEMENT_Motor1_Forward_FullSpeed
                0x00006ea4       0x18 ./HAL/CAR/_2_WHEELS/MOVEMENT/MOVEMENT.o
                0x00006ea4                CAR_MOVEMENT_Motor1_Forward_FullSpeed
 .text.CAR_MOVEMENT_Motor1_Backward_FullSpeed
                0x00006ebc       0x18 ./HAL/CAR/_2_WHEELS/MOVEMENT/MOVEMENT.o
                0x00006ebc                CAR_MOVEMENT_Motor1_Backward_FullSpeed
 .text.CAR_MOVEMENT_Motor1_Right_FullSpeed
                0x00006ed4       0x18 ./HAL/CAR/_2_WHEELS/MOVEMENT/MOVEMENT.o
                0x00006ed4                CAR_MOVEMENT_Motor1_Right_FullSpeed
 .text.CAR_MOVEMENT_Motor1_Left_FullSpeed
                0x00006eec       0x18 ./HAL/CAR/_2_WHEELS/MOVEMENT/MOVEMENT.o
                0x00006eec                CAR_MOVEMENT_Motor1_Left_FullSpeed
 .text.CAR_MOVEMENT_Motor2_Forward_FullSpeed
                0x00006f04       0x18 ./HAL/CAR/_2_WHEELS/MOVEMENT/MOVEMENT.o
                0x00006f04                CAR_MOVEMENT_Motor2_Forward_FullSpeed
 .text.CAR_MOVEMENT_Motor2_Backward_FullSpeed
                0x00006f1c       0x18 ./HAL/CAR/_2_WHEELS/MOVEMENT/MOVEMENT.o
                0x00006f1c                CAR_MOVEMENT_Motor2_Backward_FullSpeed
 .text.CAR_MOVEMENT_Motor2_Right_FullSpeed
                0x00006f34       0x18 ./HAL/CAR/_2_WHEELS/MOVEMENT/MOVEMENT.o
                0x00006f34                CAR_MOVEMENT_Motor2_Right_FullSpeed
 .text.CAR_MOVEMENT_Motor2_Left_FullSpeed
                0x00006f4c       0x18 ./HAL/CAR/_2_WHEELS/MOVEMENT/MOVEMENT.o
                0x00006f4c                CAR_MOVEMENT_Motor2_Left_FullSpeed
 .text.PrintDirection
                0x00006f64       0x86 ./APP/main.o
                0x00006f64                PrintDirection
 .text.PrintDistance
                0x00006fea       0x68 ./APP/main.o
                0x00006fea                PrintDistance
 .text.main     0x00007052      0x49a ./APP/main.o
                0x00007052                main
 .text.libgcc   0x000074ec       0x44 d:/embedded systems/required/imt_sdk_win_64/imt_sdk_win_64/winavr/bin/../lib/gcc/avr/4.3.3/avr5\libgcc.a(_udivmodsi4.o)
                0x000074ec                __udivmodsi4
 .text.libgcc   0x00007530        0x0 d:/embedded systems/required/imt_sdk_win_64/imt_sdk_win_64/winavr/bin/../lib/gcc/avr/4.3.3/avr5\libgcc.a(_exit.o)
 .text.libgcc   0x00007530        0x0 d:/embedded systems/required/imt_sdk_win_64/imt_sdk_win_64/winavr/bin/../lib/gcc/avr/4.3.3/avr5\libgcc.a(_copy_data.o)
 .text.libgcc   0x00007530        0x0 d:/embedded systems/required/imt_sdk_win_64/imt_sdk_win_64/winavr/bin/../lib/gcc/avr/4.3.3/avr5\libgcc.a(_clear_bss.o)
 .text.libgcc   0x00007530       0x38 d:/embedded systems/required/imt_sdk_win_64/imt_sdk_win_64/winavr/bin/../lib/gcc/avr/4.3.3/avr5\libgcc.a(_prologue.o)
                0x00007530                __prologue_saves__
 .text.libgcc   0x00007568       0x36 d:/embedded systems/required/imt_sdk_win_64/imt_sdk_win_64/winavr/bin/../lib/gcc/avr/4.3.3/avr5\libgcc.a(_epilogue.o)
                0x00007568                __epilogue_restores__
                0x0000759e                . = ALIGN (0x2)
 *(.fini9)
 .fini9         0x0000759e        0x0 d:/embedded systems/required/imt_sdk_win_64/imt_sdk_win_64/winavr/bin/../lib/gcc/avr/4.3.3/avr5\libgcc.a(_exit.o)
                0x0000759e                exit
                0x0000759e                _exit
 *(.fini9)
 *(.fini8)
 *(.fini8)
 *(.fini7)
 *(.fini7)
 *(.fini6)
 *(.fini6)
 *(.fini5)
 *(.fini5)
 *(.fini4)
 *(.fini4)
 *(.fini3)
 *(.fini3)
 *(.fini2)
 *(.fini2)
 *(.fini1)
 *(.fini1)
 *(.fini0)
 .fini0         0x0000759e        0x4 d:/embedded systems/required/imt_sdk_win_64/imt_sdk_win_64/winavr/bin/../lib/gcc/avr/4.3.3/avr5\libgcc.a(_exit.o)
 *(.fini0)
                0x000075a2                _etext = .

.data           0x00800060      0x14e load address 0x000075a2
                0x00800060                PROVIDE (__data_start, .)
 *(.data)
 .data          0x00800060        0x0 d:/embedded systems/required/imt_sdk_win_64/imt_sdk_win_64/winavr/bin/../lib/gcc/avr/4.3.3/../../../../avr/lib/avr5/crtm32.o
 .data          0x00800060        0x0 ./MCAL/TIMER/TIMER.o
 .data          0x00800060        0x0 ./MCAL/INTERRUPT/EXTERNAL/EXTERNAL.o
 .data          0x00800060        0x0 ./MCAL/INTERRUPT/INTERRUPT.o
 .data          0x00800060        0x0 ./MCAL/DIO/DIO.o
 .data          0x00800060        0x0 ./LIB/DELAY/DELAY.o
 .data          0x00800060        0x0 ./HAL/ULTRASONIC/ULTRASONIC.o
 .data          0x00800060        0x0 ./HAL/SERVO/SERVO.o
 .data          0x00800060        0x0 ./HAL/LCD/LCD.o
 .data          0x00800060        0x0 ./HAL/H_BRIDGE/L293/H_BRIDGE.o
 .data          0x00800060        0x0 ./HAL/CAR/_2_WHEELS/MOVEMENT/MOVEMENT.o
 .data          0x00800060       0x40 ./APP/main.o
 .data          0x008000a0        0x0 d:/embedded systems/required/imt_sdk_win_64/imt_sdk_win_64/winavr/bin/../lib/gcc/avr/4.3.3/avr5\libgcc.a(_udivmodsi4.o)
 .data          0x008000a0        0x0 d:/embedded systems/required/imt_sdk_win_64/imt_sdk_win_64/winavr/bin/../lib/gcc/avr/4.3.3/avr5\libgcc.a(_exit.o)
 .data          0x008000a0        0x0 d:/embedded systems/required/imt_sdk_win_64/imt_sdk_win_64/winavr/bin/../lib/gcc/avr/4.3.3/avr5\libgcc.a(_copy_data.o)
 .data          0x008000a0        0x0 d:/embedded systems/required/imt_sdk_win_64/imt_sdk_win_64/winavr/bin/../lib/gcc/avr/4.3.3/avr5\libgcc.a(_clear_bss.o)
 .data          0x008000a0        0x0 d:/embedded systems/required/imt_sdk_win_64/imt_sdk_win_64/winavr/bin/../lib/gcc/avr/4.3.3/avr5\libgcc.a(_fixunssfsi.o)
 .data          0x008000a0        0x0 d:/embedded systems/required/imt_sdk_win_64/imt_sdk_win_64/winavr/bin/../lib/gcc/avr/4.3.3/avr5\libgcc.a(_addsub_sf.o)
 .data          0x008000a0        0x0 d:/embedded systems/required/imt_sdk_win_64/imt_sdk_win_64/winavr/bin/../lib/gcc/avr/4.3.3/avr5\libgcc.a(_mul_sf.o)
 .data          0x008000a0        0x0 d:/embedded systems/required/imt_sdk_win_64/imt_sdk_win_64/winavr/bin/../lib/gcc/avr/4.3.3/avr5\libgcc.a(_div_sf.o)
 .data          0x008000a0        0x0 d:/embedded systems/required/imt_sdk_win_64/imt_sdk_win_64/winavr/bin/../lib/gcc/avr/4.3.3/avr5\libgcc.a(_eq_sf.o)
 .data          0x008000a0        0x0 d:/embedded systems/required/imt_sdk_win_64/imt_sdk_win_64/winavr/bin/../lib/gcc/avr/4.3.3/avr5\libgcc.a(_ne_sf.o)
 .data          0x008000a0        0x0 d:/embedded systems/required/imt_sdk_win_64/imt_sdk_win_64/winavr/bin/../lib/gcc/avr/4.3.3/avr5\libgcc.a(_gt_sf.o)
 .data          0x008000a0        0x0 d:/embedded systems/required/imt_sdk_win_64/imt_sdk_win_64/winavr/bin/../lib/gcc/avr/4.3.3/avr5\libgcc.a(_ge_sf.o)
 .data          0x008000a0        0x0 d:/embedded systems/required/imt_sdk_win_64/imt_sdk_win_64/winavr/bin/../lib/gcc/avr/4.3.3/avr5\libgcc.a(_lt_sf.o)
 .data          0x008000a0        0x0 d:/embedded systems/required/imt_sdk_win_64/imt_sdk_win_64/winavr/bin/../lib/gcc/avr/4.3.3/avr5\libgcc.a(_le_sf.o)
 .data          0x008000a0        0x0 d:/embedded systems/required/imt_sdk_win_64/imt_sdk_win_64/winavr/bin/../lib/gcc/avr/4.3.3/avr5\libgcc.a(_si_to_sf.o)
 .data          0x008000a0        0x0 d:/embedded systems/required/imt_sdk_win_64/imt_sdk_win_64/winavr/bin/../lib/gcc/avr/4.3.3/avr5\libgcc.a(_sf_to_si.o)
 .data          0x008000a0        0x8 d:/embedded systems/required/imt_sdk_win_64/imt_sdk_win_64/winavr/bin/../lib/gcc/avr/4.3.3/avr5\libgcc.a(_thenan_sf.o)
                0x008000a0                __thenan_sf
 .data          0x008000a8        0x0 d:/embedded systems/required/imt_sdk_win_64/imt_sdk_win_64/winavr/bin/../lib/gcc/avr/4.3.3/avr5\libgcc.a(_usi_to_sf.o)
 .data          0x008000a8        0x0 d:/embedded systems/required/imt_sdk_win_64/imt_sdk_win_64/winavr/bin/../lib/gcc/avr/4.3.3/avr5\libgcc.a(_prologue.o)
 .data          0x008000a8        0x0 d:/embedded systems/required/imt_sdk_win_64/imt_sdk_win_64/winavr/bin/../lib/gcc/avr/4.3.3/avr5\libgcc.a(_epilogue.o)
 .data          0x008000a8        0x0 d:/embedded systems/required/imt_sdk_win_64/imt_sdk_win_64/winavr/bin/../lib/gcc/avr/4.3.3/avr5\libgcc.a(_clzsi2.o)
 .data          0x008000a8        0x0 d:/embedded systems/required/imt_sdk_win_64/imt_sdk_win_64/winavr/bin/../lib/gcc/avr/4.3.3/avr5\libgcc.a(_pack_sf.o)
 .data          0x008000a8        0x0 d:/embedded systems/required/imt_sdk_win_64/imt_sdk_win_64/winavr/bin/../lib/gcc/avr/4.3.3/avr5\libgcc.a(_unpack_sf.o)
 .data          0x008000a8        0x0 d:/embedded systems/required/imt_sdk_win_64/imt_sdk_win_64/winavr/bin/../lib/gcc/avr/4.3.3/avr5\libgcc.a(_fpcmp_parts_sf.o)
 .data          0x008000a8      0x100 d:/embedded systems/required/imt_sdk_win_64/imt_sdk_win_64/winavr/bin/../lib/gcc/avr/4.3.3/avr5\libgcc.a(_clz.o)
                0x008000a8                __clz_tab
 *(.data*)
 .data.ultrasonic_edge
                0x008001a8        0x1 ./HAL/ULTRASONIC/ULTRASONIC.o
                0x008001a8                ultrasonic_edge
 .data.ultrasonic_maximum_overflow
                0x008001a9        0x2 ./HAL/ULTRASONIC/ULTRASONIC.o
                0x008001a9                ultrasonic_maximum_overflow
 .data.DC_motors_default_speed
                0x008001ab        0x1 ./HAL/CAR/_2_WHEELS/MOVEMENT/MOVEMENT.o
                0x008001ab                DC_motors_default_speed
 .data.DC_motor1_default_speed
                0x008001ac        0x1 ./HAL/CAR/_2_WHEELS/MOVEMENT/MOVEMENT.o
                0x008001ac                DC_motor1_default_speed
 .data.DC_motor2_default_speed
                0x008001ad        0x1 ./HAL/CAR/_2_WHEELS/MOVEMENT/MOVEMENT.o
                0x008001ad                DC_motor2_default_speed
 *(.rodata)
 *(.rodata*)
 *(.gnu.linkonce.d*)
                0x008001ae                . = ALIGN (0x2)
                0x008001ae                _edata = .
                0x008001ae                PROVIDE (__data_end, .)

.bss            0x008001ae       0x22
                0x008001ae                PROVIDE (__bss_start, .)
 *(.bss)
 .bss           0x008001ae        0x0 d:/embedded systems/required/imt_sdk_win_64/imt_sdk_win_64/winavr/bin/../lib/gcc/avr/4.3.3/../../../../avr/lib/avr5/crtm32.o
 .bss           0x008001ae        0x0 ./MCAL/TIMER/TIMER.o
 .bss           0x008001ae        0x0 ./MCAL/INTERRUPT/EXTERNAL/EXTERNAL.o
 .bss           0x008001ae        0x0 ./MCAL/INTERRUPT/INTERRUPT.o
 .bss           0x008001ae        0x0 ./MCAL/DIO/DIO.o
 .bss           0x008001ae        0x0 ./LIB/DELAY/DELAY.o
 .bss           0x008001ae        0x0 ./HAL/ULTRASONIC/ULTRASONIC.o
 .bss           0x008001ae        0x0 ./HAL/SERVO/SERVO.o
 .bss           0x008001ae        0x0 ./HAL/LCD/LCD.o
 .bss           0x008001ae        0x0 ./HAL/H_BRIDGE/L293/H_BRIDGE.o
 .bss           0x008001ae        0x0 ./HAL/CAR/_2_WHEELS/MOVEMENT/MOVEMENT.o
 .bss           0x008001ae        0x0 ./APP/main.o
 .bss           0x008001ae        0x0 d:/embedded systems/required/imt_sdk_win_64/imt_sdk_win_64/winavr/bin/../lib/gcc/avr/4.3.3/avr5\libgcc.a(_udivmodsi4.o)
 .bss           0x008001ae        0x0 d:/embedded systems/required/imt_sdk_win_64/imt_sdk_win_64/winavr/bin/../lib/gcc/avr/4.3.3/avr5\libgcc.a(_exit.o)
 .bss           0x008001ae        0x0 d:/embedded systems/required/imt_sdk_win_64/imt_sdk_win_64/winavr/bin/../lib/gcc/avr/4.3.3/avr5\libgcc.a(_copy_data.o)
 .bss           0x008001ae        0x0 d:/embedded systems/required/imt_sdk_win_64/imt_sdk_win_64/winavr/bin/../lib/gcc/avr/4.3.3/avr5\libgcc.a(_clear_bss.o)
 .bss           0x008001ae        0x0 d:/embedded systems/required/imt_sdk_win_64/imt_sdk_win_64/winavr/bin/../lib/gcc/avr/4.3.3/avr5\libgcc.a(_fixunssfsi.o)
 .bss           0x008001ae        0x0 d:/embedded systems/required/imt_sdk_win_64/imt_sdk_win_64/winavr/bin/../lib/gcc/avr/4.3.3/avr5\libgcc.a(_addsub_sf.o)
 .bss           0x008001ae        0x0 d:/embedded systems/required/imt_sdk_win_64/imt_sdk_win_64/winavr/bin/../lib/gcc/avr/4.3.3/avr5\libgcc.a(_mul_sf.o)
 .bss           0x008001ae        0x0 d:/embedded systems/required/imt_sdk_win_64/imt_sdk_win_64/winavr/bin/../lib/gcc/avr/4.3.3/avr5\libgcc.a(_div_sf.o)
 .bss           0x008001ae        0x0 d:/embedded systems/required/imt_sdk_win_64/imt_sdk_win_64/winavr/bin/../lib/gcc/avr/4.3.3/avr5\libgcc.a(_eq_sf.o)
 .bss           0x008001ae        0x0 d:/embedded systems/required/imt_sdk_win_64/imt_sdk_win_64/winavr/bin/../lib/gcc/avr/4.3.3/avr5\libgcc.a(_ne_sf.o)
 .bss           0x008001ae        0x0 d:/embedded systems/required/imt_sdk_win_64/imt_sdk_win_64/winavr/bin/../lib/gcc/avr/4.3.3/avr5\libgcc.a(_gt_sf.o)
 .bss           0x008001ae        0x0 d:/embedded systems/required/imt_sdk_win_64/imt_sdk_win_64/winavr/bin/../lib/gcc/avr/4.3.3/avr5\libgcc.a(_ge_sf.o)
 .bss           0x008001ae        0x0 d:/embedded systems/required/imt_sdk_win_64/imt_sdk_win_64/winavr/bin/../lib/gcc/avr/4.3.3/avr5\libgcc.a(_lt_sf.o)
 .bss           0x008001ae        0x0 d:/embedded systems/required/imt_sdk_win_64/imt_sdk_win_64/winavr/bin/../lib/gcc/avr/4.3.3/avr5\libgcc.a(_le_sf.o)
 .bss           0x008001ae        0x0 d:/embedded systems/required/imt_sdk_win_64/imt_sdk_win_64/winavr/bin/../lib/gcc/avr/4.3.3/avr5\libgcc.a(_si_to_sf.o)
 .bss           0x008001ae        0x0 d:/embedded systems/required/imt_sdk_win_64/imt_sdk_win_64/winavr/bin/../lib/gcc/avr/4.3.3/avr5\libgcc.a(_sf_to_si.o)
 .bss           0x008001ae        0x0 d:/embedded systems/required/imt_sdk_win_64/imt_sdk_win_64/winavr/bin/../lib/gcc/avr/4.3.3/avr5\libgcc.a(_thenan_sf.o)
 .bss           0x008001ae        0x0 d:/embedded systems/required/imt_sdk_win_64/imt_sdk_win_64/winavr/bin/../lib/gcc/avr/4.3.3/avr5\libgcc.a(_usi_to_sf.o)
 .bss           0x008001ae        0x0 d:/embedded systems/required/imt_sdk_win_64/imt_sdk_win_64/winavr/bin/../lib/gcc/avr/4.3.3/avr5\libgcc.a(_prologue.o)
 .bss           0x008001ae        0x0 d:/embedded systems/required/imt_sdk_win_64/imt_sdk_win_64/winavr/bin/../lib/gcc/avr/4.3.3/avr5\libgcc.a(_epilogue.o)
 .bss           0x008001ae        0x0 d:/embedded systems/required/imt_sdk_win_64/imt_sdk_win_64/winavr/bin/../lib/gcc/avr/4.3.3/avr5\libgcc.a(_clzsi2.o)
 .bss           0x008001ae        0x0 d:/embedded systems/required/imt_sdk_win_64/imt_sdk_win_64/winavr/bin/../lib/gcc/avr/4.3.3/avr5\libgcc.a(_pack_sf.o)
 .bss           0x008001ae        0x0 d:/embedded systems/required/imt_sdk_win_64/imt_sdk_win_64/winavr/bin/../lib/gcc/avr/4.3.3/avr5\libgcc.a(_unpack_sf.o)
 .bss           0x008001ae        0x0 d:/embedded systems/required/imt_sdk_win_64/imt_sdk_win_64/winavr/bin/../lib/gcc/avr/4.3.3/avr5\libgcc.a(_fpcmp_parts_sf.o)
 .bss           0x008001ae        0x0 d:/embedded systems/required/imt_sdk_win_64/imt_sdk_win_64/winavr/bin/../lib/gcc/avr/4.3.3/avr5\libgcc.a(_clz.o)
 *(.bss*)
 .bss.Timer0_OVF_function_pointer
                0x008001ae        0x2 ./MCAL/TIMER/TIMER.o
                0x008001ae                Timer0_OVF_function_pointer
 .bss.Timer0_COMP_function_pointer
                0x008001b0        0x2 ./MCAL/TIMER/TIMER.o
                0x008001b0                Timer0_COMP_function_pointer
 .bss.Timer1_OVF_function_pointer
                0x008001b2        0x2 ./MCAL/TIMER/TIMER.o
                0x008001b2                Timer1_OVF_function_pointer
 .bss.Timer1_COMPA_function_pointer
                0x008001b4        0x2 ./MCAL/TIMER/TIMER.o
                0x008001b4                Timer1_COMPA_function_pointer
 .bss.Timer1_COMPB_function_pointer
                0x008001b6        0x2 ./MCAL/TIMER/TIMER.o
                0x008001b6                Timer1_COMPB_function_pointer
 .bss.Timer1_CAPT_function_pointer
                0x008001b8        0x2 ./MCAL/TIMER/TIMER.o
                0x008001b8                Timer1_CAPT_function_pointer
 .bss.Timer2_OVF_function_pointer
                0x008001ba        0x2 ./MCAL/TIMER/TIMER.o
                0x008001ba                Timer2_OVF_function_pointer
 .bss.Timer2_COMP_function_pointer
                0x008001bc        0x2 ./MCAL/TIMER/TIMER.o
                0x008001bc                Timer2_COMP_function_pointer
 .bss.INT0_function_pointer
                0x008001be        0x2 ./MCAL/INTERRUPT/EXTERNAL/EXTERNAL.o
                0x008001be                INT0_function_pointer
 .bss.INT1_function_pointer
                0x008001c0        0x2 ./MCAL/INTERRUPT/EXTERNAL/EXTERNAL.o
                0x008001c0                INT1_function_pointer
 .bss.INT2_function_pointer
                0x008001c2        0x2 ./MCAL/INTERRUPT/EXTERNAL/EXTERNAL.o
                0x008001c2                INT2_function_pointer
 .bss.delay_remaining_ms
                0x008001c4        0x1 ./LIB/DELAY/DELAY.o
                0x008001c4                delay_remaining_ms
 .bss.ultrasonic_state
                0x008001c5        0x1 ./HAL/ULTRASONIC/ULTRASONIC.o
                0x008001c5                ultrasonic_state
 .bss.ultrasonic_overflow_counter
                0x008001c6        0x2 ./HAL/ULTRASONIC/ULTRASONIC.o
                0x008001c6                ultrasonic_overflow_counter
 .bss.direction
                0x008001c8        0x1 ./APP/main.o
                0x008001c8                direction
 *(COMMON)
 COMMON         0x008001c9        0x1 ./LIB/DELAY/DELAY.o
                0x008001c9                delay_state
 COMMON         0x008001ca        0x4 ./HAL/ULTRASONIC/ULTRASONIC.o
                0x008001ca                ultrasonic_distance
 COMMON         0x008001ce        0x1 ./HAL/LCD/LCD.o
                0x008001ce                mode_of_operation
 COMMON         0x008001cf        0x1 ./HAL/CAR/_2_WHEELS/MOVEMENT/MOVEMENT.o
                0x008001cf                DC_motors_speed_mode
                0x008001d0                PROVIDE (__bss_end, .)
                0x000075a2                __data_load_start = LOADADDR (.data)
                0x000076f0                __data_load_end = (__data_load_start + SIZEOF (.data))

.noinit         0x008001d0        0x0
                0x008001d0                PROVIDE (__noinit_start, .)
 *(.noinit*)
                0x008001d0                PROVIDE (__noinit_end, .)
                0x008001d0                _end = .
                0x008001d0                PROVIDE (__heap_start, .)

.eeprom         0x00810000        0x0
 *(.eeprom*)
                0x00810000                __eeprom_end = .

.fuse
 *(.fuse)
 *(.lfuse)
 *(.hfuse)
 *(.efuse)

.lock
 *(.lock*)

.signature
 *(.signature*)

.stab           0x00000000     0x71a0
 *(.stab)
 .stab          0x00000000     0x1920 ./MCAL/TIMER/TIMER.o
 .stab          0x00001920      0x5e8 ./MCAL/INTERRUPT/EXTERNAL/EXTERNAL.o
                                0x5f4 (size before relaxing)
 .stab          0x00001f08      0x1b0 ./MCAL/INTERRUPT/INTERRUPT.o
                                0x1bc (size before relaxing)
 .stab          0x000020b8      0x63c ./MCAL/DIO/DIO.o
                                0x648 (size before relaxing)
 .stab          0x000026f4      0x930 ./LIB/DELAY/DELAY.o
                                0x93c (size before relaxing)
 .stab          0x00003024      0x87c ./HAL/ULTRASONIC/ULTRASONIC.o
                                0x888 (size before relaxing)
 .stab          0x000038a0      0x8e8 ./HAL/SERVO/SERVO.o
                                0xa80 (size before relaxing)
 .stab          0x00004188     0x165c ./HAL/LCD/LCD.o
                               0x17f4 (size before relaxing)
 .stab          0x000057e4      0x474 ./HAL/H_BRIDGE/L293/H_BRIDGE.o
                                0x480 (size before relaxing)
 .stab          0x00005c58      0xc90 ./HAL/CAR/_2_WHEELS/MOVEMENT/MOVEMENT.o
                                0xc9c (size before relaxing)
 .stab          0x000068e8      0x8b8 ./APP/main.o
                                0xa50 (size before relaxing)

.stabstr        0x00000000     0x3910
 *(.stabstr)
 .stabstr       0x00000000     0x3910 ./MCAL/TIMER/TIMER.o

.stab.excl
 *(.stab.excl)

.stab.exclstr
 *(.stab.exclstr)

.stab.index
 *(.stab.index)

.stab.indexstr
 *(.stab.indexstr)

.comment
 *(.comment)

.debug
 *(.debug)

.line
 *(.line)

.debug_srcinfo
 *(.debug_srcinfo)

.debug_sfnames
 *(.debug_sfnames)

.debug_aranges  0x00000000      0x220
 *(.debug_aranges)
 .debug_aranges
                0x00000000       0x20 d:/embedded systems/required/imt_sdk_win_64/imt_sdk_win_64/winavr/bin/../lib/gcc/avr/4.3.3/avr5\libgcc.a(_fixunssfsi.o)
 .debug_aranges
                0x00000020       0x20 d:/embedded systems/required/imt_sdk_win_64/imt_sdk_win_64/winavr/bin/../lib/gcc/avr/4.3.3/avr5\libgcc.a(_addsub_sf.o)
 .debug_aranges
                0x00000040       0x20 d:/embedded systems/required/imt_sdk_win_64/imt_sdk_win_64/winavr/bin/../lib/gcc/avr/4.3.3/avr5\libgcc.a(_mul_sf.o)
 .debug_aranges
                0x00000060       0x20 d:/embedded systems/required/imt_sdk_win_64/imt_sdk_win_64/winavr/bin/../lib/gcc/avr/4.3.3/avr5\libgcc.a(_div_sf.o)
 .debug_aranges
                0x00000080       0x20 d:/embedded systems/required/imt_sdk_win_64/imt_sdk_win_64/winavr/bin/../lib/gcc/avr/4.3.3/avr5\libgcc.a(_eq_sf.o)
 .debug_aranges
                0x000000a0       0x20 d:/embedded systems/required/imt_sdk_win_64/imt_sdk_win_64/winavr/bin/../lib/gcc/avr/4.3.3/avr5\libgcc.a(_ne_sf.o)
 .debug_aranges
                0x000000c0       0x20 d:/embedded systems/required/imt_sdk_win_64/imt_sdk_win_64/winavr/bin/../lib/gcc/avr/4.3.3/avr5\libgcc.a(_gt_sf.o)
 .debug_aranges
                0x000000e0       0x20 d:/embedded systems/required/imt_sdk_win_64/imt_sdk_win_64/winavr/bin/../lib/gcc/avr/4.3.3/avr5\libgcc.a(_ge_sf.o)
 .debug_aranges
                0x00000100       0x20 d:/embedded systems/required/imt_sdk_win_64/imt_sdk_win_64/winavr/bin/../lib/gcc/avr/4.3.3/avr5\libgcc.a(_lt_sf.o)
 .debug_aranges
                0x00000120       0x20 d:/embedded systems/required/imt_sdk_win_64/imt_sdk_win_64/winavr/bin/../lib/gcc/avr/4.3.3/avr5\libgcc.a(_le_sf.o)
 .debug_aranges
                0x00000140       0x20 d:/embedded systems/required/imt_sdk_win_64/imt_sdk_win_64/winavr/bin/../lib/gcc/avr/4.3.3/avr5\libgcc.a(_si_to_sf.o)
 .debug_aranges
                0x00000160       0x20 d:/embedded systems/required/imt_sdk_win_64/imt_sdk_win_64/winavr/bin/../lib/gcc/avr/4.3.3/avr5\libgcc.a(_sf_to_si.o)
 .debug_aranges
                0x00000180       0x20 d:/embedded systems/required/imt_sdk_win_64/imt_sdk_win_64/winavr/bin/../lib/gcc/avr/4.3.3/avr5\libgcc.a(_usi_to_sf.o)
 .debug_aranges
                0x000001a0       0x20 d:/embedded systems/required/imt_sdk_win_64/imt_sdk_win_64/winavr/bin/../lib/gcc/avr/4.3.3/avr5\libgcc.a(_clzsi2.o)
 .debug_aranges
                0x000001c0       0x20 d:/embedded systems/required/imt_sdk_win_64/imt_sdk_win_64/winavr/bin/../lib/gcc/avr/4.3.3/avr5\libgcc.a(_pack_sf.o)
 .debug_aranges
                0x000001e0       0x20 d:/embedded systems/required/imt_sdk_win_64/imt_sdk_win_64/winavr/bin/../lib/gcc/avr/4.3.3/avr5\libgcc.a(_unpack_sf.o)
 .debug_aranges
                0x00000200       0x20 d:/embedded systems/required/imt_sdk_win_64/imt_sdk_win_64/winavr/bin/../lib/gcc/avr/4.3.3/avr5\libgcc.a(_fpcmp_parts_sf.o)

.debug_pubnames
                0x00000000      0x26e
 *(.debug_pubnames)
 .debug_pubnames
                0x00000000       0x23 d:/embedded systems/required/imt_sdk_win_64/imt_sdk_win_64/winavr/bin/../lib/gcc/avr/4.3.3/avr5\libgcc.a(_fixunssfsi.o)
 .debug_pubnames
                0x00000023       0x2c d:/embedded systems/required/imt_sdk_win_64/imt_sdk_win_64/winavr/bin/../lib/gcc/avr/4.3.3/avr5\libgcc.a(_addsub_sf.o)
 .debug_pubnames
                0x0000004f       0x1f d:/embedded systems/required/imt_sdk_win_64/imt_sdk_win_64/winavr/bin/../lib/gcc/avr/4.3.3/avr5\libgcc.a(_mul_sf.o)
 .debug_pubnames
                0x0000006e       0x1f d:/embedded systems/required/imt_sdk_win_64/imt_sdk_win_64/winavr/bin/../lib/gcc/avr/4.3.3/avr5\libgcc.a(_div_sf.o)
 .debug_pubnames
                0x0000008d       0x1e d:/embedded systems/required/imt_sdk_win_64/imt_sdk_win_64/winavr/bin/../lib/gcc/avr/4.3.3/avr5\libgcc.a(_eq_sf.o)
 .debug_pubnames
                0x000000ab       0x1e d:/embedded systems/required/imt_sdk_win_64/imt_sdk_win_64/winavr/bin/../lib/gcc/avr/4.3.3/avr5\libgcc.a(_ne_sf.o)
 .debug_pubnames
                0x000000c9       0x1e d:/embedded systems/required/imt_sdk_win_64/imt_sdk_win_64/winavr/bin/../lib/gcc/avr/4.3.3/avr5\libgcc.a(_gt_sf.o)
 .debug_pubnames
                0x000000e7       0x1e d:/embedded systems/required/imt_sdk_win_64/imt_sdk_win_64/winavr/bin/../lib/gcc/avr/4.3.3/avr5\libgcc.a(_ge_sf.o)
 .debug_pubnames
                0x00000105       0x1e d:/embedded systems/required/imt_sdk_win_64/imt_sdk_win_64/winavr/bin/../lib/gcc/avr/4.3.3/avr5\libgcc.a(_lt_sf.o)
 .debug_pubnames
                0x00000123       0x1e d:/embedded systems/required/imt_sdk_win_64/imt_sdk_win_64/winavr/bin/../lib/gcc/avr/4.3.3/avr5\libgcc.a(_le_sf.o)
 .debug_pubnames
                0x00000141       0x22 d:/embedded systems/required/imt_sdk_win_64/imt_sdk_win_64/winavr/bin/../lib/gcc/avr/4.3.3/avr5\libgcc.a(_si_to_sf.o)
 .debug_pubnames
                0x00000163       0x20 d:/embedded systems/required/imt_sdk_win_64/imt_sdk_win_64/winavr/bin/../lib/gcc/avr/4.3.3/avr5\libgcc.a(_sf_to_si.o)
 .debug_pubnames
                0x00000183       0x22 d:/embedded systems/required/imt_sdk_win_64/imt_sdk_win_64/winavr/bin/../lib/gcc/avr/4.3.3/avr5\libgcc.a(_thenan_sf.o)
 .debug_pubnames
                0x000001a5       0x24 d:/embedded systems/required/imt_sdk_win_64/imt_sdk_win_64/winavr/bin/../lib/gcc/avr/4.3.3/avr5\libgcc.a(_usi_to_sf.o)
 .debug_pubnames
                0x000001c9       0x1f d:/embedded systems/required/imt_sdk_win_64/imt_sdk_win_64/winavr/bin/../lib/gcc/avr/4.3.3/avr5\libgcc.a(_clzsi2.o)
 .debug_pubnames
                0x000001e8       0x1f d:/embedded systems/required/imt_sdk_win_64/imt_sdk_win_64/winavr/bin/../lib/gcc/avr/4.3.3/avr5\libgcc.a(_pack_sf.o)
 .debug_pubnames
                0x00000207       0x21 d:/embedded systems/required/imt_sdk_win_64/imt_sdk_win_64/winavr/bin/../lib/gcc/avr/4.3.3/avr5\libgcc.a(_unpack_sf.o)
 .debug_pubnames
                0x00000228       0x26 d:/embedded systems/required/imt_sdk_win_64/imt_sdk_win_64/winavr/bin/../lib/gcc/avr/4.3.3/avr5\libgcc.a(_fpcmp_parts_sf.o)
 .debug_pubnames
                0x0000024e       0x20 d:/embedded systems/required/imt_sdk_win_64/imt_sdk_win_64/winavr/bin/../lib/gcc/avr/4.3.3/avr5\libgcc.a(_clz.o)

.debug_info     0x00000000     0x2d8f
 *(.debug_info)
 .debug_info    0x00000000       0xb1 d:/embedded systems/required/imt_sdk_win_64/imt_sdk_win_64/winavr/bin/../lib/gcc/avr/4.3.3/avr5\libgcc.a(_fixunssfsi.o)
 .debug_info    0x000000b1      0x47a d:/embedded systems/required/imt_sdk_win_64/imt_sdk_win_64/winavr/bin/../lib/gcc/avr/4.3.3/avr5\libgcc.a(_addsub_sf.o)
 .debug_info    0x0000052b      0x485 d:/embedded systems/required/imt_sdk_win_64/imt_sdk_win_64/winavr/bin/../lib/gcc/avr/4.3.3/avr5\libgcc.a(_mul_sf.o)
 .debug_info    0x000009b0      0x3fc d:/embedded systems/required/imt_sdk_win_64/imt_sdk_win_64/winavr/bin/../lib/gcc/avr/4.3.3/avr5\libgcc.a(_div_sf.o)
 .debug_info    0x00000dac      0x27f d:/embedded systems/required/imt_sdk_win_64/imt_sdk_win_64/winavr/bin/../lib/gcc/avr/4.3.3/avr5\libgcc.a(_eq_sf.o)
 .debug_info    0x0000102b      0x27f d:/embedded systems/required/imt_sdk_win_64/imt_sdk_win_64/winavr/bin/../lib/gcc/avr/4.3.3/avr5\libgcc.a(_ne_sf.o)
 .debug_info    0x000012aa      0x27f d:/embedded systems/required/imt_sdk_win_64/imt_sdk_win_64/winavr/bin/../lib/gcc/avr/4.3.3/avr5\libgcc.a(_gt_sf.o)
 .debug_info    0x00001529      0x27f d:/embedded systems/required/imt_sdk_win_64/imt_sdk_win_64/winavr/bin/../lib/gcc/avr/4.3.3/avr5\libgcc.a(_ge_sf.o)
 .debug_info    0x000017a8      0x27f d:/embedded systems/required/imt_sdk_win_64/imt_sdk_win_64/winavr/bin/../lib/gcc/avr/4.3.3/avr5\libgcc.a(_lt_sf.o)
 .debug_info    0x00001a27      0x27f d:/embedded systems/required/imt_sdk_win_64/imt_sdk_win_64/winavr/bin/../lib/gcc/avr/4.3.3/avr5\libgcc.a(_le_sf.o)
 .debug_info    0x00001ca6      0x207 d:/embedded systems/required/imt_sdk_win_64/imt_sdk_win_64/winavr/bin/../lib/gcc/avr/4.3.3/avr5\libgcc.a(_si_to_sf.o)
 .debug_info    0x00001ead      0x2b0 d:/embedded systems/required/imt_sdk_win_64/imt_sdk_win_64/winavr/bin/../lib/gcc/avr/4.3.3/avr5\libgcc.a(_sf_to_si.o)
 .debug_info    0x0000215d      0x12c d:/embedded systems/required/imt_sdk_win_64/imt_sdk_win_64/winavr/bin/../lib/gcc/avr/4.3.3/avr5\libgcc.a(_thenan_sf.o)
 .debug_info    0x00002289      0x206 d:/embedded systems/required/imt_sdk_win_64/imt_sdk_win_64/winavr/bin/../lib/gcc/avr/4.3.3/avr5\libgcc.a(_usi_to_sf.o)
 .debug_info    0x0000248f      0x117 d:/embedded systems/required/imt_sdk_win_64/imt_sdk_win_64/winavr/bin/../lib/gcc/avr/4.3.3/avr5\libgcc.a(_clzsi2.o)
 .debug_info    0x000025a6      0x2df d:/embedded systems/required/imt_sdk_win_64/imt_sdk_win_64/winavr/bin/../lib/gcc/avr/4.3.3/avr5\libgcc.a(_pack_sf.o)
 .debug_info    0x00002885      0x251 d:/embedded systems/required/imt_sdk_win_64/imt_sdk_win_64/winavr/bin/../lib/gcc/avr/4.3.3/avr5\libgcc.a(_unpack_sf.o)
 .debug_info    0x00002ad6      0x210 d:/embedded systems/required/imt_sdk_win_64/imt_sdk_win_64/winavr/bin/../lib/gcc/avr/4.3.3/avr5\libgcc.a(_fpcmp_parts_sf.o)
 .debug_info    0x00002ce6       0xa9 d:/embedded systems/required/imt_sdk_win_64/imt_sdk_win_64/winavr/bin/../lib/gcc/avr/4.3.3/avr5\libgcc.a(_clz.o)
 *(.gnu.linkonce.wi.*)

.debug_abbrev   0x00000000     0x18dc
 *(.debug_abbrev)
 .debug_abbrev  0x00000000       0x5d d:/embedded systems/required/imt_sdk_win_64/imt_sdk_win_64/winavr/bin/../lib/gcc/avr/4.3.3/avr5\libgcc.a(_fixunssfsi.o)
 .debug_abbrev  0x0000005d      0x1ea d:/embedded systems/required/imt_sdk_win_64/imt_sdk_win_64/winavr/bin/../lib/gcc/avr/4.3.3/avr5\libgcc.a(_addsub_sf.o)
 .debug_abbrev  0x00000247      0x21b d:/embedded systems/required/imt_sdk_win_64/imt_sdk_win_64/winavr/bin/../lib/gcc/avr/4.3.3/avr5\libgcc.a(_mul_sf.o)
 .debug_abbrev  0x00000462      0x216 d:/embedded systems/required/imt_sdk_win_64/imt_sdk_win_64/winavr/bin/../lib/gcc/avr/4.3.3/avr5\libgcc.a(_div_sf.o)
 .debug_abbrev  0x00000678      0x15a d:/embedded systems/required/imt_sdk_win_64/imt_sdk_win_64/winavr/bin/../lib/gcc/avr/4.3.3/avr5\libgcc.a(_eq_sf.o)
 .debug_abbrev  0x000007d2      0x15a d:/embedded systems/required/imt_sdk_win_64/imt_sdk_win_64/winavr/bin/../lib/gcc/avr/4.3.3/avr5\libgcc.a(_ne_sf.o)
 .debug_abbrev  0x0000092c      0x15a d:/embedded systems/required/imt_sdk_win_64/imt_sdk_win_64/winavr/bin/../lib/gcc/avr/4.3.3/avr5\libgcc.a(_gt_sf.o)
 .debug_abbrev  0x00000a86      0x15a d:/embedded systems/required/imt_sdk_win_64/imt_sdk_win_64/winavr/bin/../lib/gcc/avr/4.3.3/avr5\libgcc.a(_ge_sf.o)
 .debug_abbrev  0x00000be0      0x15a d:/embedded systems/required/imt_sdk_win_64/imt_sdk_win_64/winavr/bin/../lib/gcc/avr/4.3.3/avr5\libgcc.a(_lt_sf.o)
 .debug_abbrev  0x00000d3a      0x15a d:/embedded systems/required/imt_sdk_win_64/imt_sdk_win_64/winavr/bin/../lib/gcc/avr/4.3.3/avr5\libgcc.a(_le_sf.o)
 .debug_abbrev  0x00000e94      0x148 d:/embedded systems/required/imt_sdk_win_64/imt_sdk_win_64/winavr/bin/../lib/gcc/avr/4.3.3/avr5\libgcc.a(_si_to_sf.o)
 .debug_abbrev  0x00000fdc      0x17f d:/embedded systems/required/imt_sdk_win_64/imt_sdk_win_64/winavr/bin/../lib/gcc/avr/4.3.3/avr5\libgcc.a(_sf_to_si.o)
 .debug_abbrev  0x0000115b       0xad d:/embedded systems/required/imt_sdk_win_64/imt_sdk_win_64/winavr/bin/../lib/gcc/avr/4.3.3/avr5\libgcc.a(_thenan_sf.o)
 .debug_abbrev  0x00001208      0x157 d:/embedded systems/required/imt_sdk_win_64/imt_sdk_win_64/winavr/bin/../lib/gcc/avr/4.3.3/avr5\libgcc.a(_usi_to_sf.o)
 .debug_abbrev  0x0000135f       0xc4 d:/embedded systems/required/imt_sdk_win_64/imt_sdk_win_64/winavr/bin/../lib/gcc/avr/4.3.3/avr5\libgcc.a(_clzsi2.o)
 .debug_abbrev  0x00001423      0x1c0 d:/embedded systems/required/imt_sdk_win_64/imt_sdk_win_64/winavr/bin/../lib/gcc/avr/4.3.3/avr5\libgcc.a(_pack_sf.o)
 .debug_abbrev  0x000015e3      0x154 d:/embedded systems/required/imt_sdk_win_64/imt_sdk_win_64/winavr/bin/../lib/gcc/avr/4.3.3/avr5\libgcc.a(_unpack_sf.o)
 .debug_abbrev  0x00001737      0x13b d:/embedded systems/required/imt_sdk_win_64/imt_sdk_win_64/winavr/bin/../lib/gcc/avr/4.3.3/avr5\libgcc.a(_fpcmp_parts_sf.o)
 .debug_abbrev  0x00001872       0x6a d:/embedded systems/required/imt_sdk_win_64/imt_sdk_win_64/winavr/bin/../lib/gcc/avr/4.3.3/avr5\libgcc.a(_clz.o)

.debug_line     0x00000000     0x1584
 *(.debug_line)
 .debug_line    0x00000000       0xa7 d:/embedded systems/required/imt_sdk_win_64/imt_sdk_win_64/winavr/bin/../lib/gcc/avr/4.3.3/avr5\libgcc.a(_fixunssfsi.o)
 .debug_line    0x000000a7      0x2af d:/embedded systems/required/imt_sdk_win_64/imt_sdk_win_64/winavr/bin/../lib/gcc/avr/4.3.3/avr5\libgcc.a(_addsub_sf.o)
 .debug_line    0x00000356      0x239 d:/embedded systems/required/imt_sdk_win_64/imt_sdk_win_64/winavr/bin/../lib/gcc/avr/4.3.3/avr5\libgcc.a(_mul_sf.o)
 .debug_line    0x0000058f      0x1d5 d:/embedded systems/required/imt_sdk_win_64/imt_sdk_win_64/winavr/bin/../lib/gcc/avr/4.3.3/avr5\libgcc.a(_div_sf.o)
 .debug_line    0x00000764       0xd3 d:/embedded systems/required/imt_sdk_win_64/imt_sdk_win_64/winavr/bin/../lib/gcc/avr/4.3.3/avr5\libgcc.a(_eq_sf.o)
 .debug_line    0x00000837       0xd3 d:/embedded systems/required/imt_sdk_win_64/imt_sdk_win_64/winavr/bin/../lib/gcc/avr/4.3.3/avr5\libgcc.a(_ne_sf.o)
 .debug_line    0x0000090a       0xd3 d:/embedded systems/required/imt_sdk_win_64/imt_sdk_win_64/winavr/bin/../lib/gcc/avr/4.3.3/avr5\libgcc.a(_gt_sf.o)
 .debug_line    0x000009dd       0xd3 d:/embedded systems/required/imt_sdk_win_64/imt_sdk_win_64/winavr/bin/../lib/gcc/avr/4.3.3/avr5\libgcc.a(_ge_sf.o)
 .debug_line    0x00000ab0       0xd3 d:/embedded systems/required/imt_sdk_win_64/imt_sdk_win_64/winavr/bin/../lib/gcc/avr/4.3.3/avr5\libgcc.a(_lt_sf.o)
 .debug_line    0x00000b83       0xd3 d:/embedded systems/required/imt_sdk_win_64/imt_sdk_win_64/winavr/bin/../lib/gcc/avr/4.3.3/avr5\libgcc.a(_le_sf.o)
 .debug_line    0x00000c56      0x135 d:/embedded systems/required/imt_sdk_win_64/imt_sdk_win_64/winavr/bin/../lib/gcc/avr/4.3.3/avr5\libgcc.a(_si_to_sf.o)
 .debug_line    0x00000d8b      0x109 d:/embedded systems/required/imt_sdk_win_64/imt_sdk_win_64/winavr/bin/../lib/gcc/avr/4.3.3/avr5\libgcc.a(_sf_to_si.o)
 .debug_line    0x00000e94       0x90 d:/embedded systems/required/imt_sdk_win_64/imt_sdk_win_64/winavr/bin/../lib/gcc/avr/4.3.3/avr5\libgcc.a(_thenan_sf.o)
 .debug_line    0x00000f24      0x133 d:/embedded systems/required/imt_sdk_win_64/imt_sdk_win_64/winavr/bin/../lib/gcc/avr/4.3.3/avr5\libgcc.a(_usi_to_sf.o)
 .debug_line    0x00001057       0xa5 d:/embedded systems/required/imt_sdk_win_64/imt_sdk_win_64/winavr/bin/../lib/gcc/avr/4.3.3/avr5\libgcc.a(_clzsi2.o)
 .debug_line    0x000010fc      0x18a d:/embedded systems/required/imt_sdk_win_64/imt_sdk_win_64/winavr/bin/../lib/gcc/avr/4.3.3/avr5\libgcc.a(_pack_sf.o)
 .debug_line    0x00001286      0x14b d:/embedded systems/required/imt_sdk_win_64/imt_sdk_win_64/winavr/bin/../lib/gcc/avr/4.3.3/avr5\libgcc.a(_unpack_sf.o)
 .debug_line    0x000013d1      0x137 d:/embedded systems/required/imt_sdk_win_64/imt_sdk_win_64/winavr/bin/../lib/gcc/avr/4.3.3/avr5\libgcc.a(_fpcmp_parts_sf.o)
 .debug_line    0x00001508       0x7c d:/embedded systems/required/imt_sdk_win_64/imt_sdk_win_64/winavr/bin/../lib/gcc/avr/4.3.3/avr5\libgcc.a(_clz.o)

.debug_frame    0x00000000      0x240
 *(.debug_frame)
 .debug_frame   0x00000000       0x20 d:/embedded systems/required/imt_sdk_win_64/imt_sdk_win_64/winavr/bin/../lib/gcc/avr/4.3.3/avr5\libgcc.a(_fixunssfsi.o)
 .debug_frame   0x00000020       0x40 d:/embedded systems/required/imt_sdk_win_64/imt_sdk_win_64/winavr/bin/../lib/gcc/avr/4.3.3/avr5\libgcc.a(_addsub_sf.o)
 .debug_frame   0x00000060       0x20 d:/embedded systems/required/imt_sdk_win_64/imt_sdk_win_64/winavr/bin/../lib/gcc/avr/4.3.3/avr5\libgcc.a(_mul_sf.o)
 .debug_frame   0x00000080       0x20 d:/embedded systems/required/imt_sdk_win_64/imt_sdk_win_64/winavr/bin/../lib/gcc/avr/4.3.3/avr5\libgcc.a(_div_sf.o)
 .debug_frame   0x000000a0       0x20 d:/embedded systems/required/imt_sdk_win_64/imt_sdk_win_64/winavr/bin/../lib/gcc/avr/4.3.3/avr5\libgcc.a(_eq_sf.o)
 .debug_frame   0x000000c0       0x20 d:/embedded systems/required/imt_sdk_win_64/imt_sdk_win_64/winavr/bin/../lib/gcc/avr/4.3.3/avr5\libgcc.a(_ne_sf.o)
 .debug_frame   0x000000e0       0x20 d:/embedded systems/required/imt_sdk_win_64/imt_sdk_win_64/winavr/bin/../lib/gcc/avr/4.3.3/avr5\libgcc.a(_gt_sf.o)
 .debug_frame   0x00000100       0x20 d:/embedded systems/required/imt_sdk_win_64/imt_sdk_win_64/winavr/bin/../lib/gcc/avr/4.3.3/avr5\libgcc.a(_ge_sf.o)
 .debug_frame   0x00000120       0x20 d:/embedded systems/required/imt_sdk_win_64/imt_sdk_win_64/winavr/bin/../lib/gcc/avr/4.3.3/avr5\libgcc.a(_lt_sf.o)
 .debug_frame   0x00000140       0x20 d:/embedded systems/required/imt_sdk_win_64/imt_sdk_win_64/winavr/bin/../lib/gcc/avr/4.3.3/avr5\libgcc.a(_le_sf.o)
 .debug_frame   0x00000160       0x20 d:/embedded systems/required/imt_sdk_win_64/imt_sdk_win_64/winavr/bin/../lib/gcc/avr/4.3.3/avr5\libgcc.a(_si_to_sf.o)
 .debug_frame   0x00000180       0x20 d:/embedded systems/required/imt_sdk_win_64/imt_sdk_win_64/winavr/bin/../lib/gcc/avr/4.3.3/avr5\libgcc.a(_sf_to_si.o)
 .debug_frame   0x000001a0       0x20 d:/embedded systems/required/imt_sdk_win_64/imt_sdk_win_64/winavr/bin/../lib/gcc/avr/4.3.3/avr5\libgcc.a(_usi_to_sf.o)
 .debug_frame   0x000001c0       0x20 d:/embedded systems/required/imt_sdk_win_64/imt_sdk_win_64/winavr/bin/../lib/gcc/avr/4.3.3/avr5\libgcc.a(_clzsi2.o)
 .debug_frame   0x000001e0       0x20 d:/embedded systems/required/imt_sdk_win_64/imt_sdk_win_64/winavr/bin/../lib/gcc/avr/4.3.3/avr5\libgcc.a(_pack_sf.o)
 .debug_frame   0x00000200       0x20 d:/embedded systems/required/imt_sdk_win_64/imt_sdk_win_64/winavr/bin/../lib/gcc/avr/4.3.3/avr5\libgcc.a(_unpack_sf.o)
 .debug_frame   0x00000220       0x20 d:/embedded systems/required/imt_sdk_win_64/imt_sdk_win_64/winavr/bin/../lib/gcc/avr/4.3.3/avr5\libgcc.a(_fpcmp_parts_sf.o)

.debug_str      0x00000000      0x31f
 *(.debug_str)
 .debug_str     0x00000000       0xbf d:/embedded systems/required/imt_sdk_win_64/imt_sdk_win_64/winavr/bin/../lib/gcc/avr/4.3.3/avr5\libgcc.a(_fixunssfsi.o)
                                 0xfe (size before relaxing)
 .debug_str     0x000000bf      0x14d d:/embedded systems/required/imt_sdk_win_64/imt_sdk_win_64/winavr/bin/../lib/gcc/avr/4.3.3/avr5\libgcc.a(_addsub_sf.o)
                                0x206 (size before relaxing)
 .debug_str     0x0000020c       0x27 d:/embedded systems/required/imt_sdk_win_64/imt_sdk_win_64/winavr/bin/../lib/gcc/avr/4.3.3/avr5\libgcc.a(_mul_sf.o)
                                0x1bf (size before relaxing)
 .debug_str     0x00000233       0x35 d:/embedded systems/required/imt_sdk_win_64/imt_sdk_win_64/winavr/bin/../lib/gcc/avr/4.3.3/avr5\libgcc.a(_div_sf.o)
                                0x1c8 (size before relaxing)
 .debug_str     0x00000268        0x8 d:/embedded systems/required/imt_sdk_win_64/imt_sdk_win_64/winavr/bin/../lib/gcc/avr/4.3.3/avr5\libgcc.a(_eq_sf.o)
                                0x195 (size before relaxing)
 .debug_str     0x00000270        0x8 d:/embedded systems/required/imt_sdk_win_64/imt_sdk_win_64/winavr/bin/../lib/gcc/avr/4.3.3/avr5\libgcc.a(_ne_sf.o)
                                0x195 (size before relaxing)
 .debug_str     0x00000278        0x8 d:/embedded systems/required/imt_sdk_win_64/imt_sdk_win_64/winavr/bin/../lib/gcc/avr/4.3.3/avr5\libgcc.a(_gt_sf.o)
                                0x195 (size before relaxing)
 .debug_str     0x00000280        0x8 d:/embedded systems/required/imt_sdk_win_64/imt_sdk_win_64/winavr/bin/../lib/gcc/avr/4.3.3/avr5\libgcc.a(_ge_sf.o)
                                0x195 (size before relaxing)
 .debug_str     0x00000288        0x8 d:/embedded systems/required/imt_sdk_win_64/imt_sdk_win_64/winavr/bin/../lib/gcc/avr/4.3.3/avr5\libgcc.a(_lt_sf.o)
                                0x195 (size before relaxing)
 .debug_str     0x00000290        0x8 d:/embedded systems/required/imt_sdk_win_64/imt_sdk_win_64/winavr/bin/../lib/gcc/avr/4.3.3/avr5\libgcc.a(_le_sf.o)
                                0x195 (size before relaxing)
 .debug_str     0x00000298       0x1e d:/embedded systems/required/imt_sdk_win_64/imt_sdk_win_64/winavr/bin/../lib/gcc/avr/4.3.3/avr5\libgcc.a(_si_to_sf.o)
                                0x17b (size before relaxing)
 .debug_str     0x000002b6        0xa d:/embedded systems/required/imt_sdk_win_64/imt_sdk_win_64/winavr/bin/../lib/gcc/avr/4.3.3/avr5\libgcc.a(_sf_to_si.o)
                                0x19e (size before relaxing)
 .debug_str     0x00000000      0x103 d:/embedded systems/required/imt_sdk_win_64/imt_sdk_win_64/winavr/bin/../lib/gcc/avr/4.3.3/avr5\libgcc.a(_thenan_sf.o)
 .debug_str     0x000002c0       0x14 d:/embedded systems/required/imt_sdk_win_64/imt_sdk_win_64/winavr/bin/../lib/gcc/avr/4.3.3/avr5\libgcc.a(_usi_to_sf.o)
                                0x177 (size before relaxing)
 .debug_str     0x000002d4       0x20 d:/embedded systems/required/imt_sdk_win_64/imt_sdk_win_64/winavr/bin/../lib/gcc/avr/4.3.3/avr5\libgcc.a(_clzsi2.o)
                                0x111 (size before relaxing)
 .debug_str     0x000002f4       0x10 d:/embedded systems/required/imt_sdk_win_64/imt_sdk_win_64/winavr/bin/../lib/gcc/avr/4.3.3/avr5\libgcc.a(_pack_sf.o)
                                0x19d (size before relaxing)
 .debug_str     0x00000304        0xb d:/embedded systems/required/imt_sdk_win_64/imt_sdk_win_64/winavr/bin/../lib/gcc/avr/4.3.3/avr5\libgcc.a(_unpack_sf.o)
                                0x17f (size before relaxing)
 .debug_str     0x0000030f       0x10 d:/embedded systems/required/imt_sdk_win_64/imt_sdk_win_64/winavr/bin/../lib/gcc/avr/4.3.3/avr5\libgcc.a(_fpcmp_parts_sf.o)
                                0x163 (size before relaxing)
 .debug_str     0x00000000       0xf4 d:/embedded systems/required/imt_sdk_win_64/imt_sdk_win_64/winavr/bin/../lib/gcc/avr/4.3.3/avr5\libgcc.a(_clz.o)

.debug_loc      0x00000000      0xace
 *(.debug_loc)
 .debug_loc     0x00000000       0x34 d:/embedded systems/required/imt_sdk_win_64/imt_sdk_win_64/winavr/bin/../lib/gcc/avr/4.3.3/avr5\libgcc.a(_fixunssfsi.o)
 .debug_loc     0x00000034      0x32a d:/embedded systems/required/imt_sdk_win_64/imt_sdk_win_64/winavr/bin/../lib/gcc/avr/4.3.3/avr5\libgcc.a(_addsub_sf.o)
 .debug_loc     0x0000035e      0x104 d:/embedded systems/required/imt_sdk_win_64/imt_sdk_win_64/winavr/bin/../lib/gcc/avr/4.3.3/avr5\libgcc.a(_mul_sf.o)
 .debug_loc     0x00000462       0xc0 d:/embedded systems/required/imt_sdk_win_64/imt_sdk_win_64/winavr/bin/../lib/gcc/avr/4.3.3/avr5\libgcc.a(_div_sf.o)
 .debug_loc     0x00000522       0x3c d:/embedded systems/required/imt_sdk_win_64/imt_sdk_win_64/winavr/bin/../lib/gcc/avr/4.3.3/avr5\libgcc.a(_eq_sf.o)
 .debug_loc     0x0000055e       0x3c d:/embedded systems/required/imt_sdk_win_64/imt_sdk_win_64/winavr/bin/../lib/gcc/avr/4.3.3/avr5\libgcc.a(_ne_sf.o)
 .debug_loc     0x0000059a       0x3c d:/embedded systems/required/imt_sdk_win_64/imt_sdk_win_64/winavr/bin/../lib/gcc/avr/4.3.3/avr5\libgcc.a(_gt_sf.o)
 .debug_loc     0x000005d6       0x3c d:/embedded systems/required/imt_sdk_win_64/imt_sdk_win_64/winavr/bin/../lib/gcc/avr/4.3.3/avr5\libgcc.a(_ge_sf.o)
 .debug_loc     0x00000612       0x3c d:/embedded systems/required/imt_sdk_win_64/imt_sdk_win_64/winavr/bin/../lib/gcc/avr/4.3.3/avr5\libgcc.a(_lt_sf.o)
 .debug_loc     0x0000064e       0x3c d:/embedded systems/required/imt_sdk_win_64/imt_sdk_win_64/winavr/bin/../lib/gcc/avr/4.3.3/avr5\libgcc.a(_le_sf.o)
 .debug_loc     0x0000068a       0xac d:/embedded systems/required/imt_sdk_win_64/imt_sdk_win_64/winavr/bin/../lib/gcc/avr/4.3.3/avr5\libgcc.a(_si_to_sf.o)
 .debug_loc     0x00000736       0x7e d:/embedded systems/required/imt_sdk_win_64/imt_sdk_win_64/winavr/bin/../lib/gcc/avr/4.3.3/avr5\libgcc.a(_sf_to_si.o)
 .debug_loc     0x000007b4       0x4c d:/embedded systems/required/imt_sdk_win_64/imt_sdk_win_64/winavr/bin/../lib/gcc/avr/4.3.3/avr5\libgcc.a(_usi_to_sf.o)
 .debug_loc     0x00000800       0x94 d:/embedded systems/required/imt_sdk_win_64/imt_sdk_win_64/winavr/bin/../lib/gcc/avr/4.3.3/avr5\libgcc.a(_clzsi2.o)
 .debug_loc     0x00000894      0x13e d:/embedded systems/required/imt_sdk_win_64/imt_sdk_win_64/winavr/bin/../lib/gcc/avr/4.3.3/avr5\libgcc.a(_pack_sf.o)
 .debug_loc     0x000009d2       0xac d:/embedded systems/required/imt_sdk_win_64/imt_sdk_win_64/winavr/bin/../lib/gcc/avr/4.3.3/avr5\libgcc.a(_unpack_sf.o)
 .debug_loc     0x00000a7e       0x50 d:/embedded systems/required/imt_sdk_win_64/imt_sdk_win_64/winavr/bin/../lib/gcc/avr/4.3.3/avr5\libgcc.a(_fpcmp_parts_sf.o)

.debug_macinfo
 *(.debug_macinfo)
OUTPUT(Obstacle_Avoiding_Robot.elf elf32-avr)
LOAD linker stubs

.debug_ranges   0x00000000       0x50
 .debug_ranges  0x00000000       0x50 d:/embedded systems/required/imt_sdk_win_64/imt_sdk_win_64/winavr/bin/../lib/gcc/avr/4.3.3/avr5\libgcc.a(_mul_sf.o)
